[
  {
    "id": "fourberies",
    "title": "Les Fourberies de Scapin",
    "illustrationFile": "/play/fourberies/illustration.png",
    "characters": [
      {
        "name": "ARGANTE",
        "desc": "père d’Octave et de Zerbinette.",
        "avatarFile": "/play/fourberies/avatars/argante.png"
      },
      {
        "name": "GÉRONTE",
        "desc": "père de Léandre et de Hyacinte.",
        "avatarFile": "/play/fourberies/avatars/geronte.png"
      },
      {
        "selectable": true,
        "name": "OCTAVE",
        "desc": "fils d’Argante, et amant de Hyacinte.",
        "avatarFile": "/play/fourberies/avatars/octave.png"
      },
      {
        "name": "LÉANDRE",
        "desc": "fils de Géronte, et amant de Zerbinette.",
        "avatarFile": "/play/fourberies/avatars/leandre.png"
      },
      {
        "name": "ZERBINETTE",
        "desc": "crue Égyptienne, et reconnue fille d’Argante, et amante de Léandre.",
        "avatarFile": "/play/fourberies/avatars/zerbinette.png"
      },
      {
        "name": "HYACINTE",
        "desc": "fille de Géronte, et amante d’Octave.",
        "avatarFile": "/play/fourberies/avatars/hyacinte.png"
      },
      {
        "selectable": true,
        "name": "SCAPIN",
        "desc": "valet de Léandre, et fourbe.",
        "avatarFile": "/play/fourberies/avatars/scapin.png"
      },
      {
        "selectable": true,
        "name": "SILVESTRE",
        "desc": "valet d’Octave.",
        "avatarFile": "/play/fourberies/avatars/silvestre.png"
      },
      {
        "name": "NÉRINE",
        "desc": "nourrice de Hyacinte.",
        "avatarFile": "/play/fourberies/avatars/nerine.png"
      },
      {
        "name": "CARLE",
        "desc": "fourbe.",
        "avatarFile": "/play/fourberies/avatars/carle.png"
      },
      {
        "name": "DEUX PORTEURS.",
        "desc": ""
      }
    ]
  },
  {
    "id": "lbg",
    "title": "Le Bourgeois gentilhomme",
    "illustrationFile": "/play/lbg/illustration.png",
    "characters": [
      {
        "selectable": true,
        "name": "MONSIEUR JOURDAIN",
        "desc": "bourgeois.",
        "avatarFile": "/play/lbg/avatars/monsieur-jourdain.png"
      },
      {
        "name": "MADAME JOURDAIN",
        "desc": "sa femme.",
        "avatarFile": "/play/lbg/avatars/madame-jourdain.png"
      },
      {
        "name": "LUCILE",
        "desc": "fille de M. Jourdain.",
        "avatarFile": "/play/lbg/avatars/lucile.png"
      },
      {
        "name": "NICOLE",
        "desc": "servante.",
        "avatarFile": "/play/lbg/avatars/nicole.png"
      },
      {
        "name": "CLÉONTE",
        "desc": "amoureux de Lucile.",
        "avatarFile": "/play/lbg/avatars/cleonte.png"
      },
      {
        "name": "COVIELLE",
        "desc": "valet de Cléonte.",
        "avatarFile": "/play/lbg/avatars/covielle.png"
      },
      {
        "name": "DORANTE",
        "desc": "comte, amant de Dorimène.",
        "avatarFile": "/play/lbg/avatars/dorante.png"
      },
      {
        "name": "DORIMÈNE",
        "desc": "marquise.",
        "avatarFile": "/play/lbg/avatars/dorimene.png"
      },
      {
        "name": "MAÎTRE DE MUSIQUE.",
        "desc": "",
        "avatarFile": "/play/lbg/avatars/maitre-de-musique.png"
      },
      {
        "name": "ÉLÈVE DU MAÎTRE DE MUSIQUE.",
        "desc": "",
        "avatarFile": "/play/lbg/avatars/eleve-du-maitre-de-musique.png"
      },
      {
        "name": "MAÎTRE À DANSER.",
        "desc": "",
        "avatarFile": "/play/lbg/avatars/maitre-a-danser.png"
      },
      {
        "name": "MAÎTRE D’ARMES.",
        "desc": "",
        "avatarFile": "/play/lbg/avatars/maitre-d'armes.png"
      },
      {
        "name": "MAÎTRE DE PHILOSOPHIE.",
        "desc": "",
        "avatarFile": "/play/lbg/avatars/maitre-de-philosophie.png"
      },
      {
        "name": "MAÎTRE TAILLEUR.",
        "desc": "",
        "avatarFile": "/play/lbg/avatars/maitre-tailleur.png"
      },
      {
        "name": "GARÇON TAILLEUR.",
        "desc": "",
        "avatarFile": "/play/lbg/avatars/garcon-tailleur.png"
      },
      {
        "name": "DEUX LAQUAIS.",
        "desc": ""
      }
    ]
  }
]
{
  "title": "Les Fourberies de Scapin",
  "characters": [
    {
      "name": "ARGANTE",
      "desc": "père d’Octave et de Zerbinette."
    },
    {
      "name": "GÉRONTE",
      "desc": "père de Léandre et de Hyacinte."
    },
    {
      "name": "OCTAVE",
      "desc": "fils d’Argante, et amant de Hyacinte."
    },
    {
      "name": "LÉANDRE",
      "desc": "fils de Géronte, et amant de Zerbinette."
    },
    {
      "name": "ZERBINETTE",
      "desc": "crue Égyptienne, et reconnue fille d’Argante, et amante de Léandre."
    },
    {
      "name": "HYACINTE",
      "desc": "fille de Géronte, et amante d’Octave."
    },
    {
      "name": "SCAPIN",
      "desc": "valet de Léandre, et fourbe."
    },
    {
      "name": "SILVESTRE",
      "desc": "valet d’Octave."
    },
    {
      "name": "NÉRINE",
      "desc": "nourrice de Hyacinte."
    },
    {
      "name": "CARLE",
      "desc": "fourbe."
    },
    {
      "name": "DEUX PORTEURS.",
      "desc": ""
    }
  ],
  "context": [
    "La scène est à Naples.",
    " "
  ],
  "scenes": [
    {
      "act": "I",
      "scene": 1,
      "dialogue": [
        {
          "character": "OCTAVE",
          "text": "Ah fâcheuses nouvelles pour un cœur amoureux !",
          "textWithEmoji": "Ah fâcheuses nouvelles pour un cœur 💛 amoureux !",
          "emojiWords": {
            "cœur": "💛"
          }
        },
        {
          "character": "OCTAVE",
          "text": " Dures extrémités où je me vois réduit !",
          "textWithEmoji": " Dures extrémités où je me vois réduit !",
          "emojiWords": {}
        },
        {
          "character": "OCTAVE",
          "text": " Tu viens, Silvestre, d’apprendre au port, que mon père revient ?",
          "textWithEmoji": " Tu viens, Silvestre, d’apprendre au port, que mon père 🎅 revient ?",
          "emojiWords": {
            "père": "🎅"
          }
        },
        {
          "character": "SILVESTRE",
          "text": "Oui.",
          "textWithEmoji": "Oui.",
          "emojiWords": {}
        },
        {
          "character": "OCTAVE",
          "text": "Qu’il arrive ce matin même ?",
          "textWithEmoji": "Qu’il arrive ce matin même ?",
          "emojiWords": {}
        },
        {
          "character": "SILVESTRE",
          "text": "Ce matin même.",
          "textWithEmoji": "Ce matin même.",
          "emojiWords": {}
        },
        {
          "character": "OCTAVE",
          "text": "Et qu’il revient dans la résolution de me marier ?",
          "textWithEmoji": "Et qu’il revient dans la résolution de me marier ?",
          "emojiWords": {}
        },
        {
          "character": "SILVESTRE",
          "text": "Oui.",
          "textWithEmoji": "Oui.",
          "emojiWords": {}
        },
        {
          "character": "OCTAVE",
          "text": "Avec une fille du seigneur Géronte ?",
          "textWithEmoji": "Avec une fille 👧 du seigneur Géronte ?",
          "emojiWords": {
            "fille": "👧"
          }
        },
        {
          "character": "SILVESTRE",
          "text": "Du seigneur Géronte.",
          "textWithEmoji": "Du seigneur Géronte.",
          "emojiWords": {}
        },
        {
          "character": "OCTAVE",
          "text": "Et que cette fille est mandée de Tarente ici pour cela ?",
          "textWithEmoji": "Et que cette fille 👧 est mandée de Tarente ici pour cela ?",
          "emojiWords": {
            "fille": "👧"
          }
        },
        {
          "character": "SILVESTRE",
          "text": "Oui.",
          "textWithEmoji": "Oui.",
          "emojiWords": {}
        },
        {
          "character": "OCTAVE",
          "text": "Et tu tiens ces nouvelles de mon oncle ?",
          "textWithEmoji": "Et tu tiens ces nouvelles de mon oncle ?",
          "emojiWords": {}
        },
        {
          "character": "SILVESTRE",
          "text": "De votre oncle.",
          "textWithEmoji": "De votre oncle.",
          "emojiWords": {}
        },
        {
          "character": "OCTAVE",
          "text": "À qui mon père les a mandées par une lettre ?",
          "textWithEmoji": "À qui mon père 🎅 les a mandées par une lettre 💌 ?",
          "emojiWords": {
            "père": "🎅",
            "lettre": "💌"
          }
        },
        {
          "character": "SILVESTRE",
          "text": "Par une lettre.",
          "textWithEmoji": "Par une lettre 💌.",
          "emojiWords": {
            "lettre": "💌"
          }
        },
        {
          "character": "OCTAVE",
          "text": "Et cet oncle, dis-tu, sait toutes nos affaires.",
          "textWithEmoji": "Et cet oncle, dis-tu, sait toutes nos affaires.",
          "emojiWords": {}
        },
        {
          "character": "SILVESTRE",
          "text": "Toutes nos affaires.",
          "textWithEmoji": "Toutes nos affaires.",
          "emojiWords": {}
        },
        {
          "character": "OCTAVE",
          "text": "Ah parle, si tu veux, et ne te fais point de la sorte, arracher les mots de la bouche.",
          "textWithEmoji": "Ah parle, si tu veux, et ne te fais point ‼ de la sorte, arracher les mots de la bouche 👄.",
          "emojiWords": {
            "point": "‼",
            "bouche": "👄"
          }
        },
        {
          "character": "SILVESTRE",
          "text": "Qu’ai-je à parler davantage !",
          "textWithEmoji": "Qu’ai-je à parler davantage !",
          "emojiWords": {}
        },
        {
          "character": "SILVESTRE",
          "text": " Vous n’oubliez aucune circonstance, et vous dites les choses tout justement comme elles sont.",
          "textWithEmoji": " Vous n’oubliez aucune circonstance, et vous dites les choses tout justement comme elles sont.",
          "emojiWords": {}
        },
        {
          "character": "OCTAVE",
          "text": "Conseille-moi, du moins, et me dis ce que je dois faire dans ces cruelles conjonctures.",
          "textWithEmoji": "Conseille-moi, du moins, et me dis ce que je dois faire dans ces cruelles conjonctures.",
          "emojiWords": {}
        },
        {
          "character": "SILVESTRE",
          "text": "Ma foi, je m’y trouve autant embarrassé que vous, et j’aurais bon besoin que l’on me conseillât moi-même.",
          "textWithEmoji": "Ma foi, je m’y trouve autant embarrassé que vous, et j’aurais bon besoin que l’on me conseillât moi-même.",
          "emojiWords": {}
        },
        {
          "character": "OCTAVE",
          "text": "Je suis assassiné par ce maudit retour.",
          "textWithEmoji": "Je suis assassiné par ce maudit retour.",
          "emojiWords": {}
        },
        {
          "character": "SILVESTRE",
          "text": "Je ne le suis pas moins.",
          "textWithEmoji": "Je ne le suis pas moins.",
          "emojiWords": {}
        },
        {
          "character": "OCTAVE",
          "text": "Lorsque mon père apprendra les choses, je vais voir fondre sur moi un orage soudain d’impétueuses réprimandes.",
          "textWithEmoji": "Lorsque mon père 🎅 apprendra les choses, je vais voir fondre sur moi un orage soudain d’impétueuses réprimandes.",
          "emojiWords": {
            "père": "🎅"
          }
        },
        {
          "character": "SILVESTRE",
          "text": "Les réprimandes ne sont rien; et plût au Ciel que j’en fusse quitte à ce prix !",
          "textWithEmoji": "Les réprimandes ne sont rien; et plût au Ciel que j’en fusse quitte à ce prix !",
          "emojiWords": {}
        },
        {
          "character": "SILVESTRE",
          "text": " Mais j’ai bien la mine, pour moi, de payer plus cher vos folies, et je vois se former de loin un nuage de coups de bâton qui crèvera sur mes épaules.",
          "textWithEmoji": " Mais j’ai bien la mine, pour moi, de payer plus cher vos folies, et je vois se former de loin un nuage ☁ de coups de bâton qui crèvera sur mes épaules.",
          "emojiWords": {
            "nuage": "☁"
          }
        },
        {
          "character": "OCTAVE",
          "text": "Ô Ciel !",
          "textWithEmoji": "Ô Ciel !",
          "emojiWords": {}
        },
        {
          "character": "OCTAVE",
          "text": " par où sortir de l’embarras où je me trouve ?",
          "textWithEmoji": " par où sortir de l’embarras où je me trouve ?",
          "emojiWords": {}
        },
        {
          "character": "SILVESTRE",
          "text": "C’est à quoi vous deviez songer, avant que de vous y jeter.",
          "textWithEmoji": "C’est à quoi vous deviez songer, avant que de vous y jeter.",
          "emojiWords": {}
        },
        {
          "character": "OCTAVE",
          "text": "Ah tu me fais mourir par tes leçons hors de saison.",
          "textWithEmoji": "Ah tu me fais mourir par tes leçons hors de saison.",
          "emojiWords": {}
        },
        {
          "character": "SILVESTRE",
          "text": "Vous me faites bien plus mourir, par vos actions étourdies.",
          "textWithEmoji": "Vous me faites bien plus mourir, par vos actions étourdies.",
          "emojiWords": {}
        },
        {
          "character": "OCTAVE",
          "text": "Que dois-je faire ?",
          "textWithEmoji": "Que dois-je faire ?",
          "emojiWords": {}
        },
        {
          "character": "OCTAVE",
          "text": " Quelle résolution prendre ?",
          "textWithEmoji": " Quelle résolution prendre ?",
          "emojiWords": {}
        },
        {
          "character": "OCTAVE",
          "text": " À quel remède recourir ?",
          "textWithEmoji": " À quel remède recourir ?",
          "emojiWords": {}
        }
      ]
    },
    {
      "act": "I",
      "scene": 2,
      "dialogue": [
        {
          "character": "SCAPIN",
          "text": "Qu’est-ce, Seigneur Octave, qu’avez-vous ?",
          "textWithEmoji": "Qu’est-ce, Seigneur Octave, qu’avez-vous ?",
          "emojiWords": {}
        },
        {
          "character": "SCAPIN",
          "text": " Qu’y a-t-il ?",
          "textWithEmoji": " Qu’y a-t-il ?",
          "emojiWords": {}
        },
        {
          "character": "SCAPIN",
          "text": " Quel désordre est-ce là ?",
          "textWithEmoji": " Quel désordre est-ce là ?",
          "emojiWords": {}
        },
        {
          "character": "SCAPIN",
          "text": " Je vous vois tout troublé.",
          "textWithEmoji": " Je vous vois tout troublé.",
          "emojiWords": {}
        },
        {
          "character": "OCTAVE",
          "text": "Ah, mon pauvre Scapin, je suis perdu, je suis désespéré; je suis le plus infortuné de tous les hommes.",
          "textWithEmoji": "Ah, mon pauvre Scapin, je suis perdu, je suis désespéré; je suis le plus infortuné de tous les hommes.",
          "emojiWords": {}
        },
        {
          "character": "SCAPIN",
          "text": "Comment ?",
          "textWithEmoji": "Comment ?",
          "emojiWords": {}
        },
        {
          "character": "OCTAVE",
          "text": "N’as-tu rien appris de ce qui me regarde ?",
          "textWithEmoji": "N’as-tu rien appris de ce qui me regarde ?",
          "emojiWords": {}
        },
        {
          "character": "SCAPIN",
          "text": "Non.",
          "textWithEmoji": "Non.",
          "emojiWords": {}
        },
        {
          "character": "OCTAVE",
          "text": "Mon père arrive avec le seigneur Géronte, et ils me veulent marier.",
          "textWithEmoji": "Mon père 🎅 arrive avec le seigneur Géronte, et ils me veulent marier.",
          "emojiWords": {
            "père": "🎅"
          }
        },
        {
          "character": "SCAPIN",
          "text": "Hé bien, qu’y a-t-il là de si funeste ?",
          "textWithEmoji": "Hé bien, qu’y a-t-il là de si funeste ?",
          "emojiWords": {}
        },
        {
          "character": "OCTAVE",
          "text": "Hélas !",
          "textWithEmoji": "Hélas !",
          "emojiWords": {}
        },
        {
          "character": "OCTAVE",
          "text": " tu ne sais pas la cause de mon inquiétude.",
          "textWithEmoji": " tu ne sais pas la cause de mon inquiétude.",
          "emojiWords": {}
        },
        {
          "character": "SCAPIN",
          "text": "Non; mais il ne tiendra qu’à vous que je la sache bientôt; et je suis homme consolatif, homme à m’intéresser aux affaires des jeunes gens.",
          "textWithEmoji": "Non; mais il ne tiendra qu’à vous que je la sache bientôt 🔜; et je suis homme 👲 consolatif, homme 👲 à m’intéresser aux affaires des jeunes gens.",
          "emojiWords": {
            "bientôt": "🔜",
            "homme": "👲"
          }
        },
        {
          "character": "OCTAVE",
          "text": "Ah !",
          "textWithEmoji": "Ah !",
          "emojiWords": {}
        },
        {
          "character": "OCTAVE",
          "text": " Scapin, si tu pouvais trouver quelque invention, forger quelque machine, pour me tirer de la peine où je suis, je croirais t’être redevable de plus que de la vie.",
          "textWithEmoji": " Scapin, si tu pouvais trouver quelque invention, forger quelque machine 🎰, pour me tirer de la peine où je suis, je croirais t’être redevable de plus que de la vie.",
          "emojiWords": {
            "machine": "🎰"
          }
        },
        {
          "character": "SCAPIN",
          "text": "À vous dire la vérité, il y a peu de choses qui me soient impossibles, quand je m’en veux mêler.",
          "textWithEmoji": "À vous dire la vérité, il y a peu de choses qui me soient impossibles, quand je m’en veux mêler.",
          "emojiWords": {}
        },
        {
          "character": "SCAPIN",
          "text": " J’ai sans doute reçu du Ciel un génie assez beau pour toutes les fabriques de ces gentillesses d’esprit, de ces galanteries ingénieuses à qui le vulgaire ignorant donne le nom de fourberies; et je puis dire sans vanité, qu’on n’a guère vu d’homme qui fût plus habile ouvrier de ressorts et d’intrigues; qui ait acquis plus de gloire que moi dans ce noble métier : mais, ma foi, le mérite est trop maltraité aujourd’hui, et j’ai renoncé à toutes choses depuis certain chagrin d’une affaire qui m’arriva.",
          "textWithEmoji": " J’ai sans doute reçu du Ciel un génie assez beau pour toutes les fabriques de ces gentillesses d’esprit, de ces galanteries ingénieuses à qui le vulgaire ignorant donne le nom de fourberies; et je puis dire sans vanité, qu’on n’a guère vu d’homme qui fût plus habile ouvrier 👷 de ressorts et d’intrigues; qui ait acquis plus de gloire que moi dans ce noble métier : mais, ma foi, le mérite est trop maltraité aujourd’hui, et j’ai renoncé à toutes choses depuis certain chagrin d’une affaire qui m’arriva.",
          "emojiWords": {
            "ouvrier": "👷"
          }
        },
        {
          "character": "OCTAVE",
          "text": "Comment ?",
          "textWithEmoji": "Comment ?",
          "emojiWords": {}
        },
        {
          "character": "OCTAVE",
          "text": " Quelle affaire, Scapin ?",
          "textWithEmoji": " Quelle affaire, Scapin ?",
          "emojiWords": {}
        },
        {
          "character": "SCAPIN",
          "text": "Une aventure où je me brouillai avec la justice.",
          "textWithEmoji": "Une aventure où je me brouillai avec la justice.",
          "emojiWords": {}
        },
        {
          "character": "OCTAVE",
          "text": "La justice !",
          "textWithEmoji": "La justice !",
          "emojiWords": {}
        },
        {
          "character": "SCAPIN",
          "text": "Oui, nous eûmes un petit démêlé ensemble.",
          "textWithEmoji": "Oui, nous eûmes un petit 🔼 démêlé ensemble.",
          "emojiWords": {
            "petit": "🔼"
          }
        },
        {
          "character": "SILVESTRE",
          "text": "Toi, et la justice ?",
          "textWithEmoji": "Toi, et la justice ?",
          "emojiWords": {}
        },
        {
          "character": "SCAPIN",
          "text": "Oui.",
          "textWithEmoji": "Oui.",
          "emojiWords": {}
        },
        {
          "character": "SCAPIN",
          "text": " Elle en usa fort mal avec moi, et je me dépitai de telle sorte contre l’ingratitude du siècle, que je résolus de ne plus rien faire.",
          "textWithEmoji": " Elle en usa fort mal avec moi, et je me dépitai de telle sorte contre l’ingratitude du siècle, que je résolus de ne plus rien faire.",
          "emojiWords": {}
        },
        {
          "character": "SCAPIN",
          "text": " Baste [i].",
          "textWithEmoji": " Baste [i].",
          "emojiWords": {}
        },
        {
          "character": "SCAPIN",
          "text": " Ne laissez pas de me conter votre aventure.",
          "textWithEmoji": " Ne laissez pas de me conter votre aventure.",
          "emojiWords": {}
        },
        {
          "character": "OCTAVE",
          "text": "Tu sais, Scapin, qu’il y a deux mois que le seigneur Géronte, et mon père, s’embarquèrent ensemble pour un voyage qui regarde certain commerce où leurs intérêts sont mêlés.",
          "textWithEmoji": "Tu sais, Scapin, qu’il y a deux 👬 mois que le seigneur Géronte, et mon père 🎅, s’embarquèrent ensemble pour un voyage qui regarde certain commerce où leurs intérêts sont mêlés.",
          "emojiWords": {
            "deux": "👬",
            "père": "🎅"
          }
        },
        {
          "character": "SCAPIN",
          "text": "Je sais cela.",
          "textWithEmoji": "Je sais cela.",
          "emojiWords": {}
        },
        {
          "character": "OCTAVE",
          "text": "Et que Léandre et moi nous fûmes laissés par nos pères; moi sous la conduite de Silvestre; et Léandre sous ta direction.",
          "textWithEmoji": "Et que Léandre et moi nous fûmes laissés par nos pères; moi sous la conduite de Silvestre; et Léandre sous ta direction.",
          "emojiWords": {}
        },
        {
          "character": "SCAPIN",
          "text": "Oui, je me suis fort bien acquitté de ma charge.",
          "textWithEmoji": "Oui, je me suis fort bien acquitté de ma charge.",
          "emojiWords": {}
        },
        {
          "character": "OCTAVE",
          "text": "Quelque temps après, Léandre fit rencontre d’une jeune Égyptienne [i] dont il devint amoureux.",
          "textWithEmoji": "Quelque temps après, Léandre fit rencontre d’une jeune Égyptienne [i] dont il devint amoureux.",
          "emojiWords": {}
        },
        {
          "character": "SCAPIN",
          "text": "Je sais cela encore.",
          "textWithEmoji": "Je sais cela encore.",
          "emojiWords": {}
        },
        {
          "character": "OCTAVE",
          "text": "Comme nous sommes grands amis, il me fit aussitôt confidence de son amour, et me mena voir cette fille, que je trouvai belle à la vérité, mais non pas tant qu’il voulait que je la trouvasse.",
          "textWithEmoji": "Comme nous sommes grands amis, il me fit aussitôt confidence de son amour, et me mena voir cette fille 👧, que je trouvai belle à la vérité, mais non pas tant qu’il voulait que je la trouvasse.",
          "emojiWords": {
            "fille": "👧"
          }
        },
        {
          "character": "OCTAVE",
          "text": " Il ne m’entretenait que d’elle chaque jour; m’exagérait à tous moments sa beauté, et sa grâce; me louait son esprit, et me parlait avec transport des charmes de son entretien, dont il me rapportait jusqu’aux moindres paroles, qu’il s’efforçait toujours de me faire trouver les plus spirituelles du monde.",
          "textWithEmoji": " Il ne m’entretenait que d’elle chaque jour; m’exagérait à tous moments sa beauté, et sa grâce; me louait son esprit, et me parlait avec transport des charmes de son entretien, dont il me rapportait jusqu’aux moindres paroles, qu’il s’efforçait toujours de me faire trouver les plus spirituelles du monde.",
          "emojiWords": {}
        },
        {
          "character": "OCTAVE",
          "text": " Il me querellait quelquefois de n’être pas assez sensible aux choses qu’il me venait dire, et me blâmait sans cesse de l’indifférence où j’étais pour les feux de l’amour.",
          "textWithEmoji": " Il me querellait quelquefois de n’être pas assez sensible aux choses qu’il me venait dire, et me blâmait sans cesse de l’indifférence où j’étais pour les feux 🎆 de l’amour.",
          "emojiWords": {
            "feux": "🎆"
          }
        },
        {
          "character": "SCAPIN",
          "text": "Je ne vois pas encore où ceci veut aller.",
          "textWithEmoji": "Je ne vois pas encore où ceci veut aller.",
          "emojiWords": {}
        },
        {
          "character": "OCTAVE",
          "text": "Un jour que je l’accompagnais pour aller chez les gens qui gardent l’objet de ses vœux, nous entendîmes dans une petite maison d’une rue écartée, quelques plaintes mêlées de beaucoup de sanglots.",
          "textWithEmoji": "Un jour que je l’accompagnais pour aller chez les gens qui gardent l’objet de ses vœux, nous entendîmes dans une petite maison 🏡 d’une rue écartée, quelques plaintes mêlées de beaucoup de sanglots.",
          "emojiWords": {
            "maison": "🏡"
          }
        },
        {
          "character": "OCTAVE",
          "text": " Nous demandons ce que c’est.",
          "textWithEmoji": " Nous demandons ce que c’est.",
          "emojiWords": {}
        },
        {
          "character": "OCTAVE",
          "text": " Une femme nous dit en soupirant, que nous pouvions voir là quelque chose de pitoyable en des personnes étrangères; et qu’à moins que d’être insensibles, nous en serions touchés.",
          "textWithEmoji": " Une femme 👩 nous dit en soupirant, que nous pouvions voir là quelque chose de pitoyable en des personnes étrangères; et qu’à moins que d’être insensibles, nous en serions touchés.",
          "emojiWords": {
            "femme": "👩"
          }
        },
        {
          "character": "SCAPIN",
          "text": "Où est-ce que cela nous mène ?",
          "textWithEmoji": "Où est-ce que cela nous mène ?",
          "emojiWords": {}
        },
        {
          "character": "OCTAVE",
          "text": "La curiosité me fit presser Léandre de voir ce que c’était.",
          "textWithEmoji": "La curiosité me fit presser Léandre de voir ce que c’était.",
          "emojiWords": {}
        },
        {
          "character": "OCTAVE",
          "text": " Nous entrons dans une salle, où nous voyons une vieille femme mourante, assistée d’une servante qui faisait des regrets, et d’une jeune fille toute fondante en larmes, la plus belle, et la plus touchante qu’on puisse jamais voir.",
          "textWithEmoji": " Nous entrons dans une salle, où nous voyons une vieille 👵 femme mourante, assistée d’une servante qui faisait des regrets, et d’une jeune fille 👧 toute fondante en larmes, la plus belle, et la plus touchante qu’on puisse jamais voir.",
          "emojiWords": {
            "vieille": "👵",
            "fille": "👧"
          }
        },
        {
          "character": "SCAPIN",
          "text": "Ah, ah.",
          "textWithEmoji": "Ah, ah.",
          "emojiWords": {}
        },
        {
          "character": "OCTAVE",
          "text": "Une autre aurait paru effroyable en l’état où elle était; car elle n’avait pour habillement qu’une méchante petite jupe, avec des brassières de nuit qui étaient de simple futaine; et sa coiffure était une cornette jaune, retroussée au haut de sa tête, qui laissait tomber en désordre ses cheveux sur ses épaules; et cependant faite comme cela, elle brillait de mille attraits, et ce n’était qu’agréments et que charmes, que toute sa personne.",
          "textWithEmoji": "Une autre aurait paru effroyable en l’état où elle était; car elle n’avait pour habillement qu’une méchante petite jupe, avec des brassières de nuit 🌃 qui étaient de simple futaine; et sa coiffure était une cornette jaune, retroussée au haut de sa tête, qui laissait tomber en désordre ses cheveux sur ses épaules; et cependant faite comme cela, elle brillait de mille attraits, et ce n’était qu’agréments et que charmes, que toute sa personne 👱.",
          "emojiWords": {
            "nuit": "🌃",
            "personne": "👱"
          }
        },
        {
          "character": "SCAPIN",
          "text": "Je sens venir les choses.",
          "textWithEmoji": "Je sens venir les choses.",
          "emojiWords": {}
        },
        {
          "character": "OCTAVE",
          "text": "Si tu l’avais vue, Scapin, en l’état que je dis, tu l’aurais trouvée admirable.",
          "textWithEmoji": "Si tu l’avais vue, Scapin, en l’état que je dis, tu l’aurais trouvée admirable.",
          "emojiWords": {}
        },
        {
          "character": "SCAPIN",
          "text": "Oh je n’en doute point; et sans l’avoir vue, je vois bien qu’elle était tout à fait charmante.",
          "textWithEmoji": "Oh je n’en doute point ‼; et sans l’avoir vue, je vois bien qu’elle était tout à fait charmante.",
          "emojiWords": {
            "point": "‼"
          }
        },
        {
          "character": "OCTAVE",
          "text": "Ses larmes n’étaient point de ces larmes désagréables, qui défigurent un visage; elle avait à pleurer, une grâce touchante; et sa douleur était la plus belle du monde.",
          "textWithEmoji": "Ses larmes n’étaient point ‼ de ces larmes désagréables, qui défigurent un visage; elle avait à pleurer, une grâce touchante; et sa douleur était la plus belle du monde.",
          "emojiWords": {
            "point": "‼"
          }
        },
        {
          "character": "SCAPIN",
          "text": "Je vois tout cela.",
          "textWithEmoji": "Je vois tout cela.",
          "emojiWords": {}
        },
        {
          "character": "OCTAVE",
          "text": "Elle faisait fondre chacun en larmes, en se jetant amoureusement sur le corps de cette mourante, qu’elle appelait sa chère mère; et il n’y avait personne qui n’eût l’âme percée, de voir un si bon naturel.",
          "textWithEmoji": "Elle faisait fondre chacun en larmes, en se jetant amoureusement sur le corps de cette mourante, qu’elle appelait sa chère mère; et il n’y avait personne 👱 qui n’eût l’âme percée, de voir un si bon naturel.",
          "emojiWords": {
            "personne": "👱"
          }
        },
        {
          "character": "SCAPIN",
          "text": "En effet, cela est touchant; et je vois bien que ce bon naturel-là vous la fit aimer.",
          "textWithEmoji": "En effet, cela est touchant; et je vois bien que ce bon naturel-là vous la fit aimer.",
          "emojiWords": {}
        },
        {
          "character": "OCTAVE",
          "text": "Ah !",
          "textWithEmoji": "Ah !",
          "emojiWords": {}
        },
        {
          "character": "OCTAVE",
          "text": " Scapin, un barbare l’aurait aimée.",
          "textWithEmoji": " Scapin, un barbare l’aurait aimée.",
          "emojiWords": {}
        },
        {
          "character": "SCAPIN",
          "text": "Assurément.",
          "textWithEmoji": "Assurément.",
          "emojiWords": {}
        },
        {
          "character": "SCAPIN",
          "text": " Le moyen de s’en empêcher ?",
          "textWithEmoji": " Le moyen de s’en empêcher ?",
          "emojiWords": {}
        },
        {
          "character": "OCTAVE",
          "text": "Après quelques paroles, dont je tâchai d’adoucir la douleur de cette charmante affligée, nous sortîmes de là; et demandant à Léandre ce qu’il lui semblait de cette personne, il me répondit froidement qu’il la trouvait assez jolie.",
          "textWithEmoji": "Après quelques paroles, dont je tâchai d’adoucir la douleur de cette charmante affligée, nous sortîmes de là; et demandant à Léandre ce qu’il lui semblait de cette personne 👱, il me répondit froidement qu’il la trouvait assez jolie.",
          "emojiWords": {
            "personne": "👱"
          }
        },
        {
          "character": "OCTAVE",
          "text": " Je fus piqué de la froideur avec laquelle il m’en parlait, et je ne voulus point lui découvrir l’effet que ses beautés avaient fait sur mon âme.",
          "textWithEmoji": " Je fus piqué de la froideur avec laquelle il m’en parlait, et je ne voulus point ‼ lui découvrir l’effet que ses beautés avaient fait sur mon âme.",
          "emojiWords": {
            "point": "‼"
          }
        },
        {
          "character": "SILVESTRE",
          "text": "Si vous n’abrégez ce récit, nous en voilà pour jusqu’à demain.",
          "textWithEmoji": "Si vous n’abrégez ce récit, nous en voilà pour jusqu’à demain.",
          "emojiWords": {}
        },
        {
          "character": "SILVESTRE",
          "text": " Laissez-le-moi finir en deux mots.",
          "textWithEmoji": " Laissez-le-moi finir en deux 👬 mots.",
          "emojiWords": {
            "deux": "👬"
          }
        },
        {
          "character": "SILVESTRE",
          "text": " Son cœur prend feu dès ce moment.",
          "textWithEmoji": " Son cœur 💛 prend feu 🔥 dès ce moment.",
          "emojiWords": {
            "cœur": "💛",
            "feu": "🔥"
          }
        },
        {
          "character": "SILVESTRE",
          "text": " Il ne saurait plus vivre, qu’il n’aille consoler son aimable affligée.",
          "textWithEmoji": " Il ne saurait plus vivre, qu’il n’aille consoler son aimable affligée.",
          "emojiWords": {}
        },
        {
          "character": "SILVESTRE",
          "text": " Ses fréquentes visites sont rejetées de la servante, devenue la gouvernante par le trépas de la mère; voilà mon homme au désespoir.",
          "textWithEmoji": " Ses fréquentes visites sont rejetées de la servante, devenue la gouvernante par le trépas de la mère; voilà mon homme 👲 au désespoir.",
          "emojiWords": {
            "homme": "👲"
          }
        },
        {
          "character": "SILVESTRE",
          "text": " Il presse, supplie, conjure; point d’affaire.",
          "textWithEmoji": " Il presse, supplie, conjure; point ‼ d’affaire.",
          "emojiWords": {
            "point": "‼"
          }
        },
        {
          "character": "SILVESTRE",
          "text": " On lui dit que la fille, quoique sans bien, et sans appui, est de famille honnête; et qu’à moins que de l’épouser, on ne peut souffrir ses poursuites.",
          "textWithEmoji": " On lui dit que la fille 👧, quoique sans bien, et sans appui, est de famille 👪 honnête; et qu’à moins que de l’épouser, on ne peut souffrir ses poursuites.",
          "emojiWords": {
            "fille": "👧",
            "famille": "👪"
          }
        },
        {
          "character": "SILVESTRE",
          "text": " Voilà son amour augmenté par les difficultés.",
          "textWithEmoji": " Voilà son amour augmenté par les difficultés.",
          "emojiWords": {}
        },
        {
          "character": "SILVESTRE",
          "text": " Il consulte dans sa tête, agite, raisonne, balance, prend sa résolution; le voilà marié avec elle depuis trois jours.",
          "textWithEmoji": " Il consulte dans sa tête, agite, raisonne, balance ♎, prend sa résolution; le voilà marié avec elle depuis trois jours.",
          "emojiWords": {
            "balance": "♎"
          }
        },
        {
          "character": "SCAPIN",
          "text": "J’entends.",
          "textWithEmoji": "J’entends.",
          "emojiWords": {}
        },
        {
          "character": "SILVESTRE",
          "text": "Maintenant mets avec cela le retour imprévu du père, qu’on n’attendait que dans deux mois; la découverte que l’oncle a faite du secret de notre mariage, et l’autre mariage qu’on veut faire de lui avec la fille que le seigneur Géronte a eue d’une seconde femme qu’on dit qu’il a épousée à Tarente.",
          "textWithEmoji": "Maintenant mets avec cela le retour imprévu du père 🎅, qu’on n’attendait que dans deux 👬 mois; la découverte que l’oncle a faite du secret de notre mariage 💒, et l’autre mariage 💒 qu’on veut faire de lui avec la fille 👧 que le seigneur Géronte a eue d’une seconde femme 👩 qu’on dit qu’il a épousée à Tarente.",
          "emojiWords": {
            "père": "🎅",
            "deux": "👬",
            "mariage": "💒",
            "fille": "👧",
            "femme": "👩"
          }
        },
        {
          "character": "OCTAVE",
          "text": "Et par-dessus tout cela, mets encore l’indigence où se trouve cette aimable personne, et l’impuissance où je me vois d’avoir de quoi la secourir.",
          "textWithEmoji": "Et par-dessus tout cela, mets encore l’indigence où se trouve cette aimable personne 👱, et l’impuissance où je me vois d’avoir de quoi la secourir.",
          "emojiWords": {
            "personne": "👱"
          }
        },
        {
          "character": "SCAPIN",
          "text": "Est-ce là tout ?",
          "textWithEmoji": "Est-ce là tout ?",
          "emojiWords": {}
        },
        {
          "character": "SCAPIN",
          "text": " Vous voilà bien embarrassés tous deux pour une bagatelle.",
          "textWithEmoji": " Vous voilà bien embarrassés tous deux 👬 pour une bagatelle.",
          "emojiWords": {
            "deux": "👬"
          }
        },
        {
          "character": "SCAPIN",
          "text": " C’est bien là de quoi se tant alarmer.",
          "textWithEmoji": " C’est bien là de quoi se tant alarmer.",
          "emojiWords": {}
        },
        {
          "character": "SCAPIN",
          "text": " N’as-tu point de honte, toi, de demeurer court à si peu de chose ?",
          "textWithEmoji": " N’as-tu point ‼ de honte, toi, de demeurer court à si peu de chose ?",
          "emojiWords": {
            "point": "‼"
          }
        },
        {
          "character": "SCAPIN",
          "text": " Que diable, te voilà grand et gros comme père et mère, et tu ne saurais trouver dans ta tête, forger dans ton esprit quelque ruse galante, quelque honnête petit stratagème, pour ajuster vos affaires ?",
          "textWithEmoji": " Que diable, te voilà grand 🏬 et gros comme père 🎅 et mère, et tu ne saurais trouver dans ta tête, forger dans ton esprit quelque ruse galante, quelque honnête petit 🔼 stratagème, pour ajuster vos affaires ?",
          "emojiWords": {
            "grand": "🏬",
            "père": "🎅",
            "petit": "🔼"
          }
        },
        {
          "character": "SCAPIN",
          "text": " Fi.",
          "textWithEmoji": " Fi.",
          "emojiWords": {}
        },
        {
          "character": "SCAPIN",
          "text": " Peste soit du butor.",
          "textWithEmoji": " Peste soit du butor.",
          "emojiWords": {}
        },
        {
          "character": "SCAPIN",
          "text": " Je voudrais bien que l’on m’eût donné autrefois nos vieillards à duper; je les aurais joués tous deux par-dessous la jambe; et je n’étais pas plus grand que cela, que je me signalais déjà par cent tours d’adresse jolis.",
          "textWithEmoji": " Je voudrais bien que l’on m’eût donné autrefois nos vieillards à duper; je les aurais joués tous deux 👬 par-dessous la jambe; et je n’étais pas plus grand 🏬 que cela, que je me signalais déjà par cent tours d’adresse jolis.",
          "emojiWords": {
            "deux": "👬",
            "grand": "🏬"
          }
        },
        {
          "character": "SILVESTRE",
          "text": "J’avoue que le Ciel ne m’a pas donné tes talents, et que je n’ai pas l’esprit, comme toi, de me brouiller avec la justice.",
          "textWithEmoji": "J’avoue que le Ciel ne m’a pas donné tes talents, et que je n’ai pas l’esprit, comme toi, de me brouiller avec la justice.",
          "emojiWords": {}
        },
        {
          "character": "OCTAVE",
          "text": "Voici mon aimable Hyacinte.",
          "textWithEmoji": "Voici mon aimable Hyacinte.",
          "emojiWords": {}
        }
      ]
    },
    {
      "act": "I",
      "scene": 3,
      "dialogue": [
        {
          "character": "HYACINTE",
          "text": "Ah, Octave, est-il vrai ce que Silvestre vient de dire à Nérine ?",
          "textWithEmoji": "Ah, Octave, est-il vrai ce que Silvestre vient de dire à Nérine ?",
          "emojiWords": {}
        },
        {
          "character": "HYACINTE",
          "text": " que votre père est de retour, et qu’il veut vous marier ?",
          "textWithEmoji": " que votre père 🎅 est de retour, et qu’il veut vous marier ?",
          "emojiWords": {
            "père": "🎅"
          }
        },
        {
          "character": "OCTAVE",
          "text": "Oui, belle Hyacinte, et ces nouvelles m’ont donné une atteinte cruelle.",
          "textWithEmoji": "Oui, belle Hyacinte, et ces nouvelles m’ont donné une atteinte cruelle.",
          "emojiWords": {}
        },
        {
          "character": "OCTAVE",
          "text": " Mais que vois-je ?",
          "textWithEmoji": " Mais que vois-je ?",
          "emojiWords": {}
        },
        {
          "character": "OCTAVE",
          "text": " vous pleurez !",
          "textWithEmoji": " vous pleurez !",
          "emojiWords": {}
        },
        {
          "character": "OCTAVE",
          "text": " Pourquoi ces larmes ?",
          "textWithEmoji": " Pourquoi ces larmes ?",
          "emojiWords": {}
        },
        {
          "character": "OCTAVE",
          "text": " Me soupçonnez-vous, dites-moi, de quelque infidélité, et n’êtes-vous pas assurée de l’amour que j’ai pour vous ?",
          "textWithEmoji": " Me soupçonnez-vous, dites-moi, de quelque infidélité, et n’êtes-vous pas assurée de l’amour que j’ai pour vous ?",
          "emojiWords": {}
        },
        {
          "character": "HYACINTE",
          "text": "Oui, Octave, je suis sûre que vous m’aimez; mais je ne le suis pas que vous m’aimiez toujours.",
          "textWithEmoji": "Oui, Octave, je suis sûre que vous m’aimez; mais je ne le suis pas que vous m’aimiez toujours.",
          "emojiWords": {}
        },
        {
          "character": "OCTAVE",
          "text": "Eh peut-on vous aimer, qu’on ne vous aime toute sa vie ?",
          "textWithEmoji": "Eh peut-on vous aimer, qu’on ne vous aime toute sa vie ?",
          "emojiWords": {}
        },
        {
          "character": "HYACINTE",
          "text": "J’ai ouï dire, Octave, que votre sexe aime moins longtemps que le nôtre, et que les ardeurs que les hommes font voir, sont des feux qui s’éteignent aussi facilement qu’ils naissent.",
          "textWithEmoji": "J’ai ouï dire, Octave, que votre sexe aime moins longtemps que le nôtre, et que les ardeurs que les hommes font voir, sont des feux 🎆 qui s’éteignent aussi facilement qu’ils naissent.",
          "emojiWords": {
            "feux": "🎆"
          }
        },
        {
          "character": "OCTAVE",
          "text": "Ah !",
          "textWithEmoji": "Ah !",
          "emojiWords": {}
        },
        {
          "character": "OCTAVE",
          "text": " ma chère Hyacinte, mon cœur n’est donc pas fait comme celui des autres hommes, et je sens bien pour moi que je vous aimerai jusqu’au tombeau.",
          "textWithEmoji": " ma chère Hyacinte, mon cœur 💛 n’est donc pas fait comme celui des autres hommes, et je sens bien pour moi que je vous aimerai jusqu’au tombeau.",
          "emojiWords": {
            "cœur": "💛"
          }
        },
        {
          "character": "HYACINTE",
          "text": "Je veux croire que vous sentez ce que vous dites, et je ne doute point que vos paroles ne soient sincères; mais je crains un pouvoir qui combattra dans votre cœur les tendres sentiments que vous pouvez avoir pour moi.",
          "textWithEmoji": "Je veux croire que vous sentez ce que vous dites, et je ne doute point ‼ que vos paroles ne soient sincères; mais je crains un pouvoir qui combattra dans votre cœur 💛 les tendres sentiments que vous pouvez avoir pour moi.",
          "emojiWords": {
            "point": "‼",
            "cœur": "💛"
          }
        },
        {
          "character": "HYACINTE",
          "text": " Vous dépendez d’un père, qui veut vous marier à une autre personne; et je suis sûre que je mourrai, si ce malheur m’arrive.",
          "textWithEmoji": " Vous dépendez d’un père 🎅, qui veut vous marier à une autre personne 👱; et je suis sûre que je mourrai, si ce malheur m’arrive.",
          "emojiWords": {
            "père": "🎅",
            "personne": "👱"
          }
        },
        {
          "character": "OCTAVE",
          "text": "Non, belle Hyacinte, il n’y a point de père qui puisse me contraindre à vous manquer de foi, et je me résoudrai à quitter mon pays, et le jour même, s’il est besoin, plutôt qu’à vous quitter.",
          "textWithEmoji": "Non, belle Hyacinte, il n’y a point ‼ de père 🎅 qui puisse me contraindre à vous manquer de foi, et je me résoudrai à quitter mon pays, et le jour même, s’il est besoin, plutôt qu’à vous quitter.",
          "emojiWords": {
            "point": "‼",
            "père": "🎅"
          }
        },
        {
          "character": "OCTAVE",
          "text": " J’ai déjà pris, sans l’avoir vue, une aversion effroyable pour celle que l’on me destine; et sans être cruel, je souhaiterais que la mer l’écartât d’ici pour jamais.",
          "textWithEmoji": " J’ai déjà pris, sans l’avoir vue, une aversion effroyable pour celle que l’on me destine; et sans être cruel, je souhaiterais que la mer l’écartât d’ici pour jamais.",
          "emojiWords": {}
        },
        {
          "character": "OCTAVE",
          "text": " Ne pleurez donc point, je vous prie, mon aimable Hyacinte, car vos larmes me tuent, et je ne les puis voir sans me sentir percer le cœur.",
          "textWithEmoji": " Ne pleurez donc point ‼, je vous prie, mon aimable Hyacinte, car vos larmes me tuent, et je ne les puis voir sans me sentir percer le cœur 💛.",
          "emojiWords": {
            "point": "‼",
            "cœur": "💛"
          }
        },
        {
          "character": "HYACINTE",
          "text": "Puisque vous le voulez, je veux bien essuyer mes pleurs, et j’attendrai d’un œil constant ce qu’il plaira au Ciel de résoudre de moi.",
          "textWithEmoji": "Puisque vous le voulez, je veux bien essuyer mes pleurs, et j’attendrai d’un œil constant ce qu’il plaira au Ciel de résoudre de moi.",
          "emojiWords": {}
        },
        {
          "character": "OCTAVE",
          "text": "Le Ciel nous sera favorable.",
          "textWithEmoji": "Le Ciel nous sera favorable.",
          "emojiWords": {}
        },
        {
          "character": "HYACINTE",
          "text": "Il ne saurait m’être contraire, si vous m’êtes fidèle.",
          "textWithEmoji": "Il ne saurait m’être contraire, si vous m’êtes fidèle.",
          "emojiWords": {}
        },
        {
          "character": "OCTAVE",
          "text": "Je le serai assurément.",
          "textWithEmoji": "Je le serai assurément.",
          "emojiWords": {}
        },
        {
          "character": "HYACINTE",
          "text": "Je serai donc heureuse.",
          "textWithEmoji": "Je serai donc heureuse.",
          "emojiWords": {}
        },
        {
          "character": "SCAPIN",
          "text": "Elle n’est point tant sotte, ma foi, et je la trouve assez passable.",
          "textWithEmoji": "Elle n’est point ‼ tant sotte, ma foi, et je la trouve assez passable.",
          "emojiWords": {
            "point": "‼"
          }
        },
        {
          "character": "OCTAVE",
          "text": "Voici un homme qui pourrait bien, s’il le voulait, nous être dans tous nos besoins, d’un secours merveilleux.",
          "textWithEmoji": "Voici un homme 👲 qui pourrait bien, s’il le voulait, nous être dans tous nos besoins, d’un secours merveilleux.",
          "emojiWords": {
            "homme": "👲"
          }
        },
        {
          "character": "SCAPIN",
          "text": "J’ai fait de grands serments de ne me mêler plus du monde; mais si vous m’en priez bien fort tous deux, peut-être...",
          "textWithEmoji": "J’ai fait de grands serments de ne me mêler plus du monde; mais si vous m’en priez bien fort tous deux 👬, peut-être...",
          "emojiWords": {
            "deux": "👬"
          }
        },
        {
          "character": "OCTAVE",
          "text": "Ah, s’il ne tient qu’à te prier bien fort pour obtenir ton aide, je te conjure de tout mon cœur de prendre la conduite de notre barque.",
          "textWithEmoji": "Ah, s’il ne tient qu’à te prier bien fort pour obtenir ton aide, je te conjure de tout mon cœur 💛 de prendre la conduite de notre barque.",
          "emojiWords": {
            "cœur": "💛"
          }
        },
        {
          "character": "SCAPIN",
          "text": "Et vous, ne me dites-vous rien ?",
          "textWithEmoji": "Et vous, ne me dites-vous rien ?",
          "emojiWords": {}
        },
        {
          "character": "HYACINTE",
          "text": "Je vous conjure, à son exemple, par tout ce qui vous est le plus cher au monde, de vouloir servir notre amour.",
          "textWithEmoji": "Je vous conjure, à son exemple, par tout ce qui vous est le plus cher au monde, de vouloir servir notre amour.",
          "emojiWords": {}
        },
        {
          "character": "SCAPIN",
          "text": "Il faut se laisser vaincre, et avoir de l’humanité.",
          "textWithEmoji": "Il faut se laisser vaincre, et avoir de l’humanité.",
          "emojiWords": {}
        },
        {
          "character": "SCAPIN",
          "text": " Allez, je veux m’employer pour vous.",
          "textWithEmoji": " Allez, je veux m’employer pour vous.",
          "emojiWords": {}
        },
        {
          "character": "OCTAVE",
          "text": "Crois que...",
          "textWithEmoji": "Crois que...",
          "emojiWords": {}
        },
        {
          "character": "SCAPIN",
          "text": "Chut.",
          "textWithEmoji": "Chut.",
          "emojiWords": {}
        },
        {
          "character": "SCAPIN",
          "text": " Allez-vous-en, vous, et soyez en repos.",
          "textWithEmoji": " Allez-vous-en, vous, et soyez en repos.",
          "emojiWords": {}
        },
        {
          "character": "SCAPIN",
          "text": " Et vous, préparez-vous à soutenir avec fermeté l’abord de votre père.",
          "textWithEmoji": " Et vous, préparez-vous à soutenir avec fermeté l’abord de votre père 🎅.",
          "emojiWords": {
            "père": "🎅"
          }
        },
        {
          "character": "OCTAVE",
          "text": "Je t’avoue que cet abord me fait trembler par avance, et j’ai une timidité naturelle que je ne saurais vaincre.",
          "textWithEmoji": "Je t’avoue que cet abord me fait trembler par avance, et j’ai une timidité naturelle que je ne saurais vaincre.",
          "emojiWords": {}
        },
        {
          "character": "SCAPIN",
          "text": "Il faut pourtant paraître ferme au premier choc, de peur que, sur votre faiblesse, il ne prenne le pied de vous mener comme un enfant.",
          "textWithEmoji": "Il faut pourtant paraître ferme au premier 🌛 choc, de peur que, sur votre faiblesse, il ne prenne le pied de vous mener comme un enfant.",
          "emojiWords": {
            "premier": "🌛"
          }
        },
        {
          "character": "SCAPIN",
          "text": " Là, tâchez de vous composer par étude.",
          "textWithEmoji": " Là, tâchez de vous composer par étude.",
          "emojiWords": {}
        },
        {
          "character": "SCAPIN",
          "text": " Un peu de hardiesse, et songez à répondre résolûment sur tout ce qu’il pourra vous dire.",
          "textWithEmoji": " Un peu de hardiesse, et songez à répondre résolûment sur tout ce qu’il pourra vous dire.",
          "emojiWords": {}
        },
        {
          "character": "OCTAVE",
          "text": "Je ferai du mieux que je pourrai.",
          "textWithEmoji": "Je ferai du mieux que je pourrai.",
          "emojiWords": {}
        },
        {
          "character": "SCAPIN",
          "text": "Çà, essayons un peu, pour vous accoutumer.",
          "textWithEmoji": "Çà, essayons un peu, pour vous accoutumer.",
          "emojiWords": {}
        },
        {
          "character": "SCAPIN",
          "text": " Répétons un peu votre rôle, et voyons si vous ferez bien.",
          "textWithEmoji": " Répétons un peu votre rôle, et voyons si vous ferez bien.",
          "emojiWords": {}
        },
        {
          "character": "SCAPIN",
          "text": " Allons.",
          "textWithEmoji": " Allons.",
          "emojiWords": {}
        },
        {
          "character": "SCAPIN",
          "text": " La mine résolue, la tête haute, les regards assurés.",
          "textWithEmoji": " La mine résolue, la tête haute, les regards assurés.",
          "emojiWords": {}
        },
        {
          "character": "OCTAVE",
          "text": "Comme cela ?",
          "textWithEmoji": "Comme cela ?",
          "emojiWords": {}
        },
        {
          "character": "SCAPIN",
          "text": "Encore un peu davantage.",
          "textWithEmoji": "Encore un peu davantage.",
          "emojiWords": {}
        },
        {
          "character": "OCTAVE",
          "text": "Ainsi ?",
          "textWithEmoji": "Ainsi ?",
          "emojiWords": {}
        },
        {
          "character": "SCAPIN",
          "text": "Bon.",
          "textWithEmoji": "Bon.",
          "emojiWords": {}
        },
        {
          "character": "SCAPIN",
          "text": " Imaginez-vous que je suis votre père qui arrive, et répondez-moi fermement comme si c’était à lui-même.",
          "textWithEmoji": " Imaginez-vous que je suis votre père 🎅 qui arrive, et répondez-moi fermement comme si c’était à lui-même.",
          "emojiWords": {
            "père": "🎅"
          }
        },
        {
          "character": "SCAPIN",
          "text": " \"Comment, pendard, vaurien, infâme, fils indigne d’un père comme moi, oses-tu bien paraître devant mes yeux après tes bons déportements, après le lâche tour que tu m’as joué pendant mon absence ?",
          "textWithEmoji": " \"Comment, pendard, vaurien, infâme, fils indigne d’un père 🎅 comme moi, oses-tu bien paraître devant mes yeux 👀 après tes bons déportements, après le lâche tour 🗼 que tu m’as joué pendant mon absence ?",
          "emojiWords": {
            "père": "🎅",
            "yeux": "👀",
            "tour": "🗼"
          }
        },
        {
          "character": "SCAPIN",
          "text": " Est-ce là le fruit de mes soins, maraud ?",
          "textWithEmoji": " Est-ce là le fruit de mes soins, maraud ?",
          "emojiWords": {}
        },
        {
          "character": "SCAPIN",
          "text": " est-ce là le fruit de mes soins ?",
          "textWithEmoji": " est-ce là le fruit de mes soins ?",
          "emojiWords": {}
        },
        {
          "character": "SCAPIN",
          "text": " le respect qui m’est dû ?",
          "textWithEmoji": " le respect qui m’est dû ?",
          "emojiWords": {}
        },
        {
          "character": "SCAPIN",
          "text": " le respect que tu me conserves ?",
          "textWithEmoji": " le respect que tu me conserves ?",
          "emojiWords": {}
        },
        {
          "character": "SCAPIN",
          "text": "\" Allons donc.",
          "textWithEmoji": "\" Allons donc.",
          "emojiWords": {}
        },
        {
          "character": "SCAPIN",
          "text": " \"Tu as l’insolence, fripon, de t’engager sans le consentement de ton père, de contracter un mariage clandestin ?",
          "textWithEmoji": " \"Tu as l’insolence, fripon, de t’engager sans le consentement de ton père 🎅, de contracter un mariage 💒 clandestin ?",
          "emojiWords": {
            "père": "🎅",
            "mariage": "💒"
          }
        },
        {
          "character": "SCAPIN",
          "text": " Réponds-moi, coquin, réponds-moi.",
          "textWithEmoji": " Réponds-moi, coquin, réponds-moi.",
          "emojiWords": {}
        },
        {
          "character": "SCAPIN",
          "text": " Voyons un peu tes belles raisons.",
          "textWithEmoji": " Voyons un peu tes belles raisons.",
          "emojiWords": {}
        },
        {
          "character": "SCAPIN",
          "text": "\" Oh !",
          "textWithEmoji": "\" Oh !",
          "emojiWords": {}
        },
        {
          "character": "SCAPIN",
          "text": " que diable !",
          "textWithEmoji": " que diable !",
          "emojiWords": {}
        },
        {
          "character": "SCAPIN",
          "text": " vous demeurez interdit !",
          "textWithEmoji": " vous demeurez interdit 🔞 !",
          "emojiWords": {
            "interdit": "🔞"
          }
        },
        {
          "character": "OCTAVE",
          "text": "C’est que je m’imagine que c’est mon père que j’entends.",
          "textWithEmoji": "C’est que je m’imagine que c’est mon père 🎅 que j’entends.",
          "emojiWords": {
            "père": "🎅"
          }
        },
        {
          "character": "SCAPIN",
          "text": "Eh oui.",
          "textWithEmoji": "Eh oui.",
          "emojiWords": {}
        },
        {
          "character": "SCAPIN",
          "text": " C’est par cette raison qu’il ne faut pas être comme un innocent.",
          "textWithEmoji": " C’est par cette raison qu’il ne faut pas être comme un innocent.",
          "emojiWords": {}
        },
        {
          "character": "OCTAVE",
          "text": "Je m’en vais prendre plus de résolution, et je répondrai fermement.",
          "textWithEmoji": "Je m’en vais prendre plus de résolution, et je répondrai fermement.",
          "emojiWords": {}
        },
        {
          "character": "SCAPIN",
          "text": "Assurément ?",
          "textWithEmoji": "Assurément ?",
          "emojiWords": {}
        },
        {
          "character": "OCTAVE",
          "text": "Assurément.",
          "textWithEmoji": "Assurément.",
          "emojiWords": {}
        },
        {
          "character": "SILVESTRE",
          "text": "Voilà votre père qui vient.",
          "textWithEmoji": "Voilà votre père 🎅 qui vient.",
          "emojiWords": {
            "père": "🎅"
          }
        },
        {
          "character": "OCTAVE",
          "text": "Ô Ciel !",
          "textWithEmoji": "Ô Ciel !",
          "emojiWords": {}
        },
        {
          "character": "OCTAVE",
          "text": " je suis perdu.",
          "textWithEmoji": " je suis perdu.",
          "emojiWords": {}
        },
        {
          "character": "SCAPIN",
          "text": "Holà, Octave, demeurez.",
          "textWithEmoji": "Holà, Octave, demeurez.",
          "emojiWords": {}
        },
        {
          "character": "SCAPIN",
          "text": " Octave.",
          "textWithEmoji": " Octave.",
          "emojiWords": {}
        },
        {
          "character": "SCAPIN",
          "text": " Le voilà enfui.",
          "textWithEmoji": " Le voilà enfui.",
          "emojiWords": {}
        },
        {
          "character": "SCAPIN",
          "text": " Quelle pauvre espèce d’homme !",
          "textWithEmoji": " Quelle pauvre espèce d’homme !",
          "emojiWords": {}
        },
        {
          "character": "SCAPIN",
          "text": " Ne laissons pas d’attendre le vieillard.",
          "textWithEmoji": " Ne laissons pas d’attendre le vieillard.",
          "emojiWords": {}
        },
        {
          "character": "SILVESTRE",
          "text": "Que lui dirai-je ?",
          "textWithEmoji": "Que lui dirai-je ?",
          "emojiWords": {}
        },
        {
          "character": "SCAPIN",
          "text": "Laisse-moi dire, moi, et ne fais que me suivre.",
          "textWithEmoji": "Laisse-moi dire, moi, et ne fais que me suivre.",
          "emojiWords": {}
        }
      ]
    },
    {
      "act": "I",
      "scene": 4,
      "dialogue": [
        {
          "character": "ARGANTE",
          "text": "A-t-on jamais ouï parler d’une action pareille à celle-là ?",
          "textWithEmoji": "A-t-on jamais ouï parler d’une action pareille à celle-là ?",
          "emojiWords": {}
        },
        {
          "character": "SCAPIN",
          "text": "Il a déjà appris l’affaire, et elle lui tient si fort en tête, que tout seul il en parle haut.",
          "textWithEmoji": "Il a déjà appris l’affaire, et elle lui tient si fort en tête, que tout seul il en parle haut.",
          "emojiWords": {}
        },
        {
          "character": "ARGANTE",
          "text": "Voilà une témérité bien grande !",
          "textWithEmoji": "Voilà une témérité bien grande !",
          "emojiWords": {}
        },
        {
          "character": "SCAPIN",
          "text": "Écoutons-le un peu.",
          "textWithEmoji": "Écoutons-le un peu.",
          "emojiWords": {}
        },
        {
          "character": "ARGANTE",
          "text": "Je voudrais bien savoir ce qu’ils me pourront dire sur ce beau mariage.",
          "textWithEmoji": "Je voudrais bien savoir ce qu’ils me pourront dire sur ce beau mariage 💒.",
          "emojiWords": {
            "mariage": "💒"
          }
        },
        {
          "character": "SCAPIN",
          "text": "Nous y avons songé.",
          "textWithEmoji": "Nous y avons songé.",
          "emojiWords": {}
        },
        {
          "character": "ARGANTE",
          "text": "Tâcheront-ils de me nier la chose ?",
          "textWithEmoji": "Tâcheront-ils de me nier la chose ?",
          "emojiWords": {}
        },
        {
          "character": "SCAPIN",
          "text": "Non, nous n’y pensons pas.",
          "textWithEmoji": "Non, nous n’y pensons pas.",
          "emojiWords": {}
        },
        {
          "character": "ARGANTE",
          "text": "Ou s’ils entreprendront de l’excuser ?",
          "textWithEmoji": "Ou s’ils entreprendront de l’excuser ?",
          "emojiWords": {}
        },
        {
          "character": "SCAPIN",
          "text": "Celui-là [i] se pourra faire.",
          "textWithEmoji": "Celui-là [i] se pourra faire.",
          "emojiWords": {}
        },
        {
          "character": "ARGANTE",
          "text": "Prétendront-ils m’amuser par des contes en l’air ?",
          "textWithEmoji": "Prétendront-ils m’amuser par des contes en l’air ?",
          "emojiWords": {}
        },
        {
          "character": "SCAPIN",
          "text": "Peut-être.",
          "textWithEmoji": "Peut-être.",
          "emojiWords": {}
        },
        {
          "character": "ARGANTE",
          "text": "Tous leurs discours seront inutiles.",
          "textWithEmoji": "Tous leurs discours seront inutiles.",
          "emojiWords": {}
        },
        {
          "character": "SCAPIN",
          "text": "Nous allons voir.",
          "textWithEmoji": "Nous allons voir.",
          "emojiWords": {}
        },
        {
          "character": "ARGANTE",
          "text": "Ils ne m’en donneront point à garder.",
          "textWithEmoji": "Ils ne m’en donneront point ‼ à garder.",
          "emojiWords": {
            "point": "‼"
          }
        },
        {
          "character": "SCAPIN",
          "text": "Ne jurons de rien.",
          "textWithEmoji": "Ne jurons de rien.",
          "emojiWords": {}
        },
        {
          "character": "ARGANTE",
          "text": "Je saurai mettre mon pendard de fils en lieu de sûreté.",
          "textWithEmoji": "Je saurai mettre mon pendard de fils en lieu de sûreté.",
          "emojiWords": {}
        },
        {
          "character": "SCAPIN",
          "text": "Nous y pourvoirons.",
          "textWithEmoji": "Nous y pourvoirons.",
          "emojiWords": {}
        },
        {
          "character": "ARGANTE",
          "text": "Et pour le coquin de Silvestre, je le rouerai de coups.",
          "textWithEmoji": "Et pour le coquin de Silvestre, je le rouerai de coups.",
          "emojiWords": {}
        },
        {
          "character": "SILVESTRE",
          "text": "J’étais bien étonné s’il m’oubliait.",
          "textWithEmoji": "J’étais bien étonné 😲 s’il m’oubliait.",
          "emojiWords": {
            "étonné": "😲"
          }
        },
        {
          "character": "ARGANTE",
          "text": "Ah, ah, vous voilà donc, sage gouverneur de famille, beau directeur de jeunes gens.",
          "textWithEmoji": "Ah, ah, vous voilà donc, sage gouverneur de famille 👪, beau directeur de jeunes gens.",
          "emojiWords": {
            "famille": "👪"
          }
        },
        {
          "character": "SCAPIN",
          "text": "Monsieur, je suis ravi de vous voir de retour.",
          "textWithEmoji": "Monsieur, je suis ravi de vous voir de retour.",
          "emojiWords": {}
        },
        {
          "character": "ARGANTE",
          "text": "Bonjour, Scapin, vous avez suivi mes ordres vraiment d’une belle manière, et mon fils s’est comporté fort sagement pendant mon absence.",
          "textWithEmoji": "Bonjour, Scapin, vous avez suivi mes ordres vraiment d’une belle manière, et mon fils s’est comporté fort sagement pendant mon absence.",
          "emojiWords": {}
        },
        {
          "character": "SCAPIN",
          "text": "Vous vous portez bien, à ce que je vois ?",
          "textWithEmoji": "Vous vous portez bien, à ce que je vois ?",
          "emojiWords": {}
        },
        {
          "character": "ARGANTE",
          "text": "Assez bien.",
          "textWithEmoji": "Assez bien.",
          "emojiWords": {}
        },
        {
          "character": "ARGANTE",
          "text": " (À Silvestre.",
          "textWithEmoji": " (À Silvestre.",
          "emojiWords": {}
        },
        {
          "character": "ARGANTE",
          "text": ") Tu ne dis mot, coquin, tu ne dis mot.",
          "textWithEmoji": ") Tu ne dis mot, coquin, tu ne dis mot.",
          "emojiWords": {}
        },
        {
          "character": "SCAPIN",
          "text": "Votre voyage a-t-il été bon ?",
          "textWithEmoji": "Votre voyage a-t-il été bon ?",
          "emojiWords": {}
        },
        {
          "character": "ARGANTE",
          "text": "Mon Dieu, fort bon.",
          "textWithEmoji": "Mon Dieu, fort bon.",
          "emojiWords": {}
        },
        {
          "character": "ARGANTE",
          "text": " Laisse-moi un peu quereller en repos.",
          "textWithEmoji": " Laisse-moi un peu quereller en repos.",
          "emojiWords": {}
        },
        {
          "character": "SCAPIN",
          "text": "Vous voulez quereller ?",
          "textWithEmoji": "Vous voulez quereller ?",
          "emojiWords": {}
        },
        {
          "character": "ARGANTE",
          "text": "Oui, je veux quereller.",
          "textWithEmoji": "Oui, je veux quereller.",
          "emojiWords": {}
        },
        {
          "character": "SCAPIN",
          "text": "Et qui, Monsieur ?",
          "textWithEmoji": "Et qui, Monsieur ?",
          "emojiWords": {}
        },
        {
          "character": "ARGANTE",
          "text": "Ce maraud-là.",
          "textWithEmoji": "Ce maraud-là.",
          "emojiWords": {}
        },
        {
          "character": "SCAPIN",
          "text": "Pourquoi ?",
          "textWithEmoji": "Pourquoi ?",
          "emojiWords": {}
        },
        {
          "character": "ARGANTE",
          "text": "Tu n’as pas ouï parler de ce qui s’est passé dans mon absence ?",
          "textWithEmoji": "Tu n’as pas ouï parler de ce qui s’est passé dans mon absence ?",
          "emojiWords": {}
        },
        {
          "character": "SCAPIN",
          "text": "J’ai bien ouï parler de quelque petite chose.",
          "textWithEmoji": "J’ai bien ouï parler de quelque petite chose.",
          "emojiWords": {}
        },
        {
          "character": "ARGANTE",
          "text": "Comment quelque petite chose !",
          "textWithEmoji": "Comment quelque petite chose !",
          "emojiWords": {}
        },
        {
          "character": "ARGANTE",
          "text": " Une action de cette nature ?",
          "textWithEmoji": " Une action de cette nature ?",
          "emojiWords": {}
        },
        {
          "character": "SCAPIN",
          "text": "Vous avez quelque raison.",
          "textWithEmoji": "Vous avez quelque raison.",
          "emojiWords": {}
        },
        {
          "character": "ARGANTE",
          "text": "Une hardiesse pareille à celle-là ?",
          "textWithEmoji": "Une hardiesse pareille à celle-là ?",
          "emojiWords": {}
        },
        {
          "character": "SCAPIN",
          "text": "Cela est vrai.",
          "textWithEmoji": "Cela est vrai.",
          "emojiWords": {}
        },
        {
          "character": "ARGANTE",
          "text": "Un fils qui se marie sans le consentement de son père ?",
          "textWithEmoji": "Un fils qui se marie sans le consentement de son père 🎅 ?",
          "emojiWords": {
            "père": "🎅"
          }
        },
        {
          "character": "SCAPIN",
          "text": "Oui, il y a quelque chose à dire à cela.",
          "textWithEmoji": "Oui, il y a quelque chose à dire à cela.",
          "emojiWords": {}
        },
        {
          "character": "SCAPIN",
          "text": " Mais je serais d’avis que vous ne fissiez point de bruit.",
          "textWithEmoji": " Mais je serais d’avis que vous ne fissiez point ‼ de bruit.",
          "emojiWords": {
            "point": "‼"
          }
        },
        {
          "character": "ARGANTE",
          "text": "Je ne suis pas de cet avis, moi, et je veux faire du bruit tout mon soûl.",
          "textWithEmoji": "Je ne suis pas de cet avis, moi, et je veux faire du bruit tout mon soûl.",
          "emojiWords": {}
        },
        {
          "character": "ARGANTE",
          "text": " Quoi, tu ne trouves pas que j’aie tous les sujets du monde d’être en colère ?",
          "textWithEmoji": " Quoi, tu ne trouves pas que j’aie tous les sujets du monde d’être en colère ?",
          "emojiWords": {}
        },
        {
          "character": "SCAPIN",
          "text": "Si fait, j’y ai d’abord été, moi, lorsque j’ai su la chose, et je me suis intéressé pour vous, jusqu’à quereller votre fils.",
          "textWithEmoji": "Si fait, j’y ai d’abord été, moi, lorsque j’ai su la chose, et je me suis intéressé pour vous, jusqu’à quereller votre fils.",
          "emojiWords": {}
        },
        {
          "character": "SCAPIN",
          "text": " Demandez-lui un peu quelles belles réprimandes je lui ai faites, et comme je l’ai chapitré sur le peu de respect qu’il gardait à un père, dont il devrait baiser les pas.",
          "textWithEmoji": " Demandez-lui un peu quelles belles réprimandes je lui ai faites, et comme je l’ai chapitré sur le peu de respect qu’il gardait à un père 🎅, dont il devrait baiser 💏 les pas.",
          "emojiWords": {
            "père": "🎅",
            "baiser": "💏"
          }
        },
        {
          "character": "SCAPIN",
          "text": " On ne peut pas lui mieux parler, quand ce serait vous-même.",
          "textWithEmoji": " On ne peut pas lui mieux parler, quand ce serait vous-même.",
          "emojiWords": {}
        },
        {
          "character": "SCAPIN",
          "text": " Mais quoi, je me suis rendu à la raison, et j’ai considéré que dans le fond, il n’a pas tant de tort qu’on pourrait croire.",
          "textWithEmoji": " Mais quoi, je me suis rendu à la raison, et j’ai considéré que dans le fond, il n’a pas tant de tort qu’on pourrait croire.",
          "emojiWords": {}
        },
        {
          "character": "ARGANTE",
          "text": "Que me viens-tu conter ?",
          "textWithEmoji": "Que me viens-tu conter ?",
          "emojiWords": {}
        },
        {
          "character": "ARGANTE",
          "text": " Il n’a pas tant de tort de s’aller marier de but en blanc avec une inconnue ?",
          "textWithEmoji": " Il n’a pas tant de tort de s’aller marier de but en blanc ☺ avec une inconnue ?",
          "emojiWords": {
            "blanc": "☺"
          }
        },
        {
          "character": "SCAPIN",
          "text": "Que voulez-vous, il y a été poussé par sa destinée.",
          "textWithEmoji": "Que voulez-vous, il y a été poussé par sa destinée.",
          "emojiWords": {}
        },
        {
          "character": "ARGANTE",
          "text": "Ah, ah, voici une raison la plus belle du monde.",
          "textWithEmoji": "Ah, ah, voici une raison la plus belle du monde.",
          "emojiWords": {}
        },
        {
          "character": "ARGANTE",
          "text": " On n’a plus qu’à commettre tous les crimes imaginables, tromper, voler, assassiner, et dire pour excuse, qu’on y a été poussé par sa destinée.",
          "textWithEmoji": " On n’a plus qu’à commettre tous les crimes imaginables, tromper, voler, assassiner, et dire pour excuse, qu’on y a été poussé par sa destinée.",
          "emojiWords": {}
        },
        {
          "character": "SCAPIN",
          "text": "Mon Dieu, vous prenez mes paroles trop en philosophe.",
          "textWithEmoji": "Mon Dieu, vous prenez mes paroles trop en philosophe.",
          "emojiWords": {}
        },
        {
          "character": "SCAPIN",
          "text": " Je veux dire qu’il s’est trouvé fatalement engagé dans cette affaire.",
          "textWithEmoji": " Je veux dire qu’il s’est trouvé fatalement engagé dans cette affaire.",
          "emojiWords": {}
        },
        {
          "character": "ARGANTE",
          "text": "Et pourquoi s’y engageait-il ?",
          "textWithEmoji": "Et pourquoi s’y engageait-il ?",
          "emojiWords": {}
        },
        {
          "character": "SCAPIN",
          "text": "Voulez-vous qu’il soit aussi sage que vous ?",
          "textWithEmoji": "Voulez-vous qu’il soit aussi sage que vous ?",
          "emojiWords": {}
        },
        {
          "character": "SCAPIN",
          "text": " Les jeunes gens sont jeunes, et n’ont pas toute la prudence qu’il leur faudrait, pour ne rien faire que de raisonnable; témoin notre Léandre, qui malgré toutes mes leçons, malgré toutes mes remontrances, est allé faire de son côté pis encore que votre fils.",
          "textWithEmoji": " Les jeunes gens sont jeunes, et n’ont pas toute la prudence qu’il leur faudrait, pour ne rien faire que de raisonnable; témoin notre Léandre, qui malgré toutes mes leçons, malgré toutes mes remontrances, est allé faire de son côté pis encore que votre fils.",
          "emojiWords": {}
        },
        {
          "character": "SCAPIN",
          "text": " Je voudrais bien savoir si vous-même n’avez pas été jeune, et n’avez pas dans votre temps fait des fredaines comme les autres.",
          "textWithEmoji": " Je voudrais bien savoir si vous-même n’avez pas été jeune, et n’avez pas dans votre temps fait des fredaines comme les autres.",
          "emojiWords": {}
        },
        {
          "character": "SCAPIN",
          "text": " J’ai ouï dire, moi, que vous avez été autrefois un compagnon parmi les femmes, que vous faisiez de votre drôle avec les plus galantes de ce temps-là; et que vous n’en approchiez point, que vous ne poussassiez à bout.",
          "textWithEmoji": " J’ai ouï dire, moi, que vous avez été autrefois un compagnon parmi les femmes, que vous faisiez de votre drôle avec les plus galantes de ce temps-là; et que vous n’en approchiez point ‼, que vous ne poussassiez à bout.",
          "emojiWords": {
            "point": "‼"
          }
        },
        {
          "character": "ARGANTE",
          "text": "Cela est vrai.",
          "textWithEmoji": "Cela est vrai.",
          "emojiWords": {}
        },
        {
          "character": "ARGANTE",
          "text": " J’en demeure d’accord; mais je m’en suis toujours tenu à la galanterie, et je n’ai point été jusqu’à faire ce qu’il a fait.",
          "textWithEmoji": " J’en demeure d’accord; mais je m’en suis toujours tenu à la galanterie, et je n’ai point ‼ été jusqu’à faire ce qu’il a fait.",
          "emojiWords": {
            "point": "‼"
          }
        },
        {
          "character": "SCAPIN",
          "text": "Que vouliez-vous qu’il fît ?",
          "textWithEmoji": "Que vouliez-vous qu’il fît ?",
          "emojiWords": {}
        },
        {
          "character": "SCAPIN",
          "text": " Il voit une jeune personne qui lui veut du bien (car il tient de vous, d’être aimé de toutes les femmes).",
          "textWithEmoji": " Il voit une jeune personne 👱 qui lui veut du bien (car il tient de vous, d’être aimé de toutes les femmes).",
          "emojiWords": {
            "personne": "👱"
          }
        },
        {
          "character": "SCAPIN",
          "text": " Il la trouve charmante.",
          "textWithEmoji": " Il la trouve charmante.",
          "emojiWords": {}
        },
        {
          "character": "SCAPIN",
          "text": " Il lui rend des visites; lui conte des douceurs, soupire galamment, fait le passionné.",
          "textWithEmoji": " Il lui rend des visites; lui conte des douceurs, soupire galamment, fait le passionné.",
          "emojiWords": {}
        },
        {
          "character": "SCAPIN",
          "text": " Elle se rend à sa poursuite.",
          "textWithEmoji": " Elle se rend à sa poursuite.",
          "emojiWords": {}
        },
        {
          "character": "SCAPIN",
          "text": " Il pousse sa fortune.",
          "textWithEmoji": " Il pousse sa fortune.",
          "emojiWords": {}
        },
        {
          "character": "SCAPIN",
          "text": " Le voilà surpris avec elle par ses parents, qui la force à la main le contraignent de l’épouser.",
          "textWithEmoji": " Le voilà surpris avec elle par ses parents, qui la force à la main ✋ le contraignent de l’épouser.",
          "emojiWords": {
            "main": "✋"
          }
        },
        {
          "character": "SILVESTRE",
          "text": "L’habile fourbe que voilà !",
          "textWithEmoji": "L’habile fourbe que voilà !",
          "emojiWords": {}
        },
        {
          "character": "SCAPIN",
          "text": "Eussiez-vous voulu qu’il se fût laissé tuer ?",
          "textWithEmoji": "Eussiez-vous voulu qu’il se fût laissé tuer ?",
          "emojiWords": {}
        },
        {
          "character": "SCAPIN",
          "text": " Il vaut mieux encore être marié, qu’être mort.",
          "textWithEmoji": " Il vaut mieux encore être marié, qu’être mort.",
          "emojiWords": {}
        },
        {
          "character": "ARGANTE",
          "text": "On ne m’a pas dit que l’affaire se soit ainsi passée.",
          "textWithEmoji": "On ne m’a pas dit que l’affaire se soit ainsi passée.",
          "emojiWords": {}
        },
        {
          "character": "SCAPIN",
          "text": "Demandez-lui plutôt.",
          "textWithEmoji": "Demandez-lui plutôt.",
          "emojiWords": {}
        },
        {
          "character": "SCAPIN",
          "text": " Il ne vous dira pas le contraire.",
          "textWithEmoji": " Il ne vous dira pas le contraire.",
          "emojiWords": {}
        },
        {
          "character": "ARGANTE",
          "text": "C’est par force qu’il a été marié ?",
          "textWithEmoji": "C’est par force qu’il a été marié ?",
          "emojiWords": {}
        },
        {
          "character": "SILVESTRE",
          "text": "Oui, Monsieur.",
          "textWithEmoji": "Oui, Monsieur.",
          "emojiWords": {}
        },
        {
          "character": "SCAPIN",
          "text": "Voudrais-je vous mentir ?",
          "textWithEmoji": "Voudrais-je vous mentir ?",
          "emojiWords": {}
        },
        {
          "character": "ARGANTE",
          "text": "Il devait donc aller tout aussitôt protester de violence chez un notaire.",
          "textWithEmoji": "Il devait donc aller tout aussitôt protester de violence chez un notaire.",
          "emojiWords": {}
        },
        {
          "character": "SCAPIN",
          "text": "C’est ce qu’il n’a pas voulu faire.",
          "textWithEmoji": "C’est ce qu’il n’a pas voulu faire.",
          "emojiWords": {}
        },
        {
          "character": "ARGANTE",
          "text": "Cela m’aurait donné plus de facilité à rompre ce mariage.",
          "textWithEmoji": "Cela m’aurait donné plus de facilité à rompre ce mariage 💒.",
          "emojiWords": {
            "mariage": "💒"
          }
        },
        {
          "character": "SCAPIN",
          "text": "Rompre ce mariage !",
          "textWithEmoji": "Rompre ce mariage 💒 !",
          "emojiWords": {
            "mariage": "💒"
          }
        },
        {
          "character": "ARGANTE",
          "text": "Oui.",
          "textWithEmoji": "Oui.",
          "emojiWords": {}
        },
        {
          "character": "SCAPIN",
          "text": "Vous ne le romprez point.",
          "textWithEmoji": "Vous ne le romprez point ‼.",
          "emojiWords": {
            "point": "‼"
          }
        },
        {
          "character": "ARGANTE",
          "text": "Je ne le romprai point ?",
          "textWithEmoji": "Je ne le romprai point ‼ ?",
          "emojiWords": {
            "point": "‼"
          }
        },
        {
          "character": "SCAPIN",
          "text": "Non.",
          "textWithEmoji": "Non.",
          "emojiWords": {}
        },
        {
          "character": "ARGANTE",
          "text": "Quoi, je n’aurai pas pour moi les droits de père, et la raison de la violence qu’on a faite à mon fils ?",
          "textWithEmoji": "Quoi, je n’aurai pas pour moi les droits de père 🎅, et la raison de la violence qu’on a faite à mon fils ?",
          "emojiWords": {
            "père": "🎅"
          }
        },
        {
          "character": "SCAPIN",
          "text": "C’est une chose dont il ne demeurera pas d’accord.",
          "textWithEmoji": "C’est une chose dont il ne demeurera pas d’accord.",
          "emojiWords": {}
        },
        {
          "character": "ARGANTE",
          "text": "Il n’en demeurera pas d’accord ?",
          "textWithEmoji": "Il n’en demeurera pas d’accord ?",
          "emojiWords": {}
        },
        {
          "character": "SCAPIN",
          "text": "Non.",
          "textWithEmoji": "Non.",
          "emojiWords": {}
        },
        {
          "character": "ARGANTE",
          "text": "Mon fils ?",
          "textWithEmoji": "Mon fils ?",
          "emojiWords": {}
        },
        {
          "character": "SCAPIN",
          "text": "Votre fils.",
          "textWithEmoji": "Votre fils.",
          "emojiWords": {}
        },
        {
          "character": "SCAPIN",
          "text": " Voulez-vous qu’il confesse qu’il ait été capable de crainte, et que ce soit par force qu’on lui ait fait faire les choses ?",
          "textWithEmoji": " Voulez-vous qu’il confesse qu’il ait été capable de crainte, et que ce soit par force qu’on lui ait fait faire les choses ?",
          "emojiWords": {}
        },
        {
          "character": "SCAPIN",
          "text": " Il n’a garde d’aller avouer cela.",
          "textWithEmoji": " Il n’a garde 💂 d’aller avouer cela.",
          "emojiWords": {
            "garde": "💂"
          }
        },
        {
          "character": "SCAPIN",
          "text": " Ce serait se faire tort, et se montrer indigne d’un père comme vous.",
          "textWithEmoji": " Ce serait se faire tort, et se montrer indigne d’un père 🎅 comme vous.",
          "emojiWords": {
            "père": "🎅"
          }
        },
        {
          "character": "ARGANTE",
          "text": "Je me moque de cela.",
          "textWithEmoji": "Je me moque de cela.",
          "emojiWords": {}
        },
        {
          "character": "SCAPIN",
          "text": "Il faut, pour son honneur, et pour le vôtre, qu’il dise dans le monde, que c’est de bon gré qu’il l’a épousée.",
          "textWithEmoji": "Il faut, pour son honneur, et pour le vôtre, qu’il dise dans le monde, que c’est de bon gré qu’il l’a épousée.",
          "emojiWords": {}
        },
        {
          "character": "ARGANTE",
          "text": "Et je veux moi, pour mon honneur et pour le sien, qu’il dise le contraire.",
          "textWithEmoji": "Et je veux moi, pour mon honneur et pour le sien, qu’il dise le contraire.",
          "emojiWords": {}
        },
        {
          "character": "SCAPIN",
          "text": "Non, je suis sûr qu’il ne le fera pas.",
          "textWithEmoji": "Non, je suis sûr qu’il ne le fera pas.",
          "emojiWords": {}
        },
        {
          "character": "ARGANTE",
          "text": "Je l’y forcerai bien.",
          "textWithEmoji": "Je l’y forcerai bien.",
          "emojiWords": {}
        },
        {
          "character": "SCAPIN",
          "text": "Il ne le fera pas, vous dis-je.",
          "textWithEmoji": "Il ne le fera pas, vous dis-je.",
          "emojiWords": {}
        },
        {
          "character": "ARGANTE",
          "text": "Il le fera, ou je le déshériterai.",
          "textWithEmoji": "Il le fera, ou je le déshériterai.",
          "emojiWords": {}
        },
        {
          "character": "SCAPIN",
          "text": "Vous ?",
          "textWithEmoji": "Vous ?",
          "emojiWords": {}
        },
        {
          "character": "ARGANTE",
          "text": "Moi.",
          "textWithEmoji": "Moi.",
          "emojiWords": {}
        },
        {
          "character": "SCAPIN",
          "text": "Bon.",
          "textWithEmoji": "Bon.",
          "emojiWords": {}
        },
        {
          "character": "ARGANTE",
          "text": "Comment, bon ?",
          "textWithEmoji": "Comment, bon ?",
          "emojiWords": {}
        },
        {
          "character": "SCAPIN",
          "text": "Vous ne le déshériterez point.",
          "textWithEmoji": "Vous ne le déshériterez point ‼.",
          "emojiWords": {
            "point": "‼"
          }
        },
        {
          "character": "ARGANTE",
          "text": "Je ne le déshériterai point ?",
          "textWithEmoji": "Je ne le déshériterai point ‼ ?",
          "emojiWords": {
            "point": "‼"
          }
        },
        {
          "character": "SCAPIN",
          "text": "Non.",
          "textWithEmoji": "Non.",
          "emojiWords": {}
        },
        {
          "character": "ARGANTE",
          "text": "Non ?",
          "textWithEmoji": "Non ?",
          "emojiWords": {}
        },
        {
          "character": "SCAPIN",
          "text": "Non.",
          "textWithEmoji": "Non.",
          "emojiWords": {}
        },
        {
          "character": "ARGANTE",
          "text": "Hoy.",
          "textWithEmoji": "Hoy.",
          "emojiWords": {}
        },
        {
          "character": "ARGANTE",
          "text": " Voici qui est plaisant.",
          "textWithEmoji": " Voici qui est plaisant.",
          "emojiWords": {}
        },
        {
          "character": "ARGANTE",
          "text": " Je ne déshériterai pas mon fils.",
          "textWithEmoji": " Je ne déshériterai pas mon fils.",
          "emojiWords": {}
        },
        {
          "character": "SCAPIN",
          "text": "Non, vous dis-je.",
          "textWithEmoji": "Non, vous dis-je.",
          "emojiWords": {}
        },
        {
          "character": "ARGANTE",
          "text": "Qui m’en empêchera ?",
          "textWithEmoji": "Qui m’en empêchera ?",
          "emojiWords": {}
        },
        {
          "character": "SCAPIN",
          "text": "Vous-même.",
          "textWithEmoji": "Vous-même.",
          "emojiWords": {}
        },
        {
          "character": "ARGANTE",
          "text": "Moi ?",
          "textWithEmoji": "Moi ?",
          "emojiWords": {}
        },
        {
          "character": "SCAPIN",
          "text": "Oui.",
          "textWithEmoji": "Oui.",
          "emojiWords": {}
        },
        {
          "character": "SCAPIN",
          "text": " Vous n’aurez pas ce cœur-là.",
          "textWithEmoji": " Vous n’aurez pas ce cœur-là.",
          "emojiWords": {}
        },
        {
          "character": "ARGANTE",
          "text": "Je l’aurai.",
          "textWithEmoji": "Je l’aurai.",
          "emojiWords": {}
        },
        {
          "character": "SCAPIN",
          "text": "Vous vous moquez.",
          "textWithEmoji": "Vous vous moquez.",
          "emojiWords": {}
        },
        {
          "character": "ARGANTE",
          "text": "Je ne me moque point.",
          "textWithEmoji": "Je ne me moque point ‼.",
          "emojiWords": {
            "point": "‼"
          }
        },
        {
          "character": "SCAPIN",
          "text": "La tendresse paternelle fera son office.",
          "textWithEmoji": "La tendresse paternelle fera son office.",
          "emojiWords": {}
        },
        {
          "character": "ARGANTE",
          "text": "Elle ne fera rien.",
          "textWithEmoji": "Elle ne fera rien.",
          "emojiWords": {}
        },
        {
          "character": "SCAPIN",
          "text": "Oui, oui.",
          "textWithEmoji": "Oui, oui.",
          "emojiWords": {}
        },
        {
          "character": "ARGANTE",
          "text": "Je vous dis que cela sera.",
          "textWithEmoji": "Je vous dis que cela sera.",
          "emojiWords": {}
        },
        {
          "character": "SCAPIN",
          "text": "Bagatelles.",
          "textWithEmoji": "Bagatelles.",
          "emojiWords": {}
        },
        {
          "character": "ARGANTE",
          "text": "Il ne faut point dire bagatelles.",
          "textWithEmoji": "Il ne faut point ‼ dire bagatelles.",
          "emojiWords": {
            "point": "‼"
          }
        },
        {
          "character": "SCAPIN",
          "text": "Mon Dieu, je vous connais, vous êtes bon naturellement.",
          "textWithEmoji": "Mon Dieu, je vous connais, vous êtes bon naturellement.",
          "emojiWords": {}
        },
        {
          "character": "ARGANTE",
          "text": "Je ne suis point bon, et je suis méchant quand je veux.",
          "textWithEmoji": "Je ne suis point ‼ bon, et je suis méchant quand je veux.",
          "emojiWords": {
            "point": "‼"
          }
        },
        {
          "character": "ARGANTE",
          "text": " Finissons ce discours qui m’échauffe la bile.",
          "textWithEmoji": " Finissons ce discours qui m’échauffe la bile.",
          "emojiWords": {}
        },
        {
          "character": "ARGANTE",
          "text": " Va-t’en, pendard, va-t’en me chercher mon fripon, tandis que j’irai rejoindre le seigneur Géronte, pour lui conter ma disgrâce.",
          "textWithEmoji": " Va-t’en, pendard, va-t’en me chercher mon fripon, tandis que j’irai rejoindre le seigneur Géronte, pour lui conter ma disgrâce.",
          "emojiWords": {}
        },
        {
          "character": "SCAPIN",
          "text": "Monsieur, si je vous puis être utile en quelque chose, vous n’avez qu’à me commander.",
          "textWithEmoji": "Monsieur, si je vous puis être utile en quelque chose, vous n’avez qu’à me commander.",
          "emojiWords": {}
        },
        {
          "character": "ARGANTE",
          "text": "Je vous remercie.",
          "textWithEmoji": "Je vous remercie.",
          "emojiWords": {}
        },
        {
          "character": "ARGANTE",
          "text": " Ah pourquoi faut-il qu’il soit fils unique !",
          "textWithEmoji": " Ah pourquoi faut-il qu’il soit fils unique !",
          "emojiWords": {}
        },
        {
          "character": "ARGANTE",
          "text": " et que n’ai-je à cette heure la fille que le Ciel m’a ôtée, pour la faire mon héritière !",
          "textWithEmoji": " et que n’ai-je à cette heure la fille 👧 que le Ciel m’a ôtée, pour la faire mon héritière !",
          "emojiWords": {
            "fille": "👧"
          }
        }
      ]
    },
    {
      "act": "I",
      "scene": 5,
      "dialogue": [
        {
          "character": "SILVESTRE",
          "text": "J’avoue que tu es un grand homme, et voilà l’affaire en bon train; mais l’argent d’autre part nous presse pour notre subsistance, et nous avons de tous côtés des gens qui aboient après nous.",
          "textWithEmoji": "J’avoue que tu es un grand 🏬 homme, et voilà l’affaire en bon train 🚄; mais l’argent d’autre part 🍕 nous presse pour notre subsistance, et nous avons de tous côtés des gens qui aboient après nous.",
          "emojiWords": {
            "grand": "🏬",
            "train": "🚄",
            "part": "🍕"
          }
        },
        {
          "character": "SCAPIN",
          "text": "Laisse-moi faire, la machine est trouvée.",
          "textWithEmoji": "Laisse-moi faire, la machine 🎰 est trouvée.",
          "emojiWords": {
            "machine": "🎰"
          }
        },
        {
          "character": "SCAPIN",
          "text": " Je cherche seulement dans ma tête un homme qui nous soit affidé, pour jouer un personnage dont j’ai besoin.",
          "textWithEmoji": " Je cherche seulement dans ma tête un homme 👲 qui nous soit affidé, pour jouer un personnage dont j’ai besoin.",
          "emojiWords": {
            "homme": "👲"
          }
        },
        {
          "character": "SCAPIN",
          "text": " Attends.",
          "textWithEmoji": " Attends.",
          "emojiWords": {}
        },
        {
          "character": "SCAPIN",
          "text": " Tiens-toi un peu.",
          "textWithEmoji": " Tiens-toi un peu.",
          "emojiWords": {}
        },
        {
          "character": "SCAPIN",
          "text": " Enfonce ton bonnet en méchant garçon.",
          "textWithEmoji": " Enfonce ton bonnet en méchant garçon 👦.",
          "emojiWords": {
            "garçon": "👦"
          }
        },
        {
          "character": "SCAPIN",
          "text": " Campe-toi sur un pied.",
          "textWithEmoji": " Campe-toi sur un pied.",
          "emojiWords": {}
        },
        {
          "character": "SCAPIN",
          "text": " Mets la main au côté.",
          "textWithEmoji": " Mets la main ✋ au côté.",
          "emojiWords": {
            "main": "✋"
          }
        },
        {
          "character": "SCAPIN",
          "text": " Fais les yeux furibonds.",
          "textWithEmoji": " Fais les yeux 👀 furibonds.",
          "emojiWords": {
            "yeux": "👀"
          }
        },
        {
          "character": "SCAPIN",
          "text": " Marche un peu en roi de théâtre.",
          "textWithEmoji": " Marche un peu en roi de théâtre.",
          "emojiWords": {}
        },
        {
          "character": "SCAPIN",
          "text": " Voilà qui est bien.",
          "textWithEmoji": " Voilà qui est bien.",
          "emojiWords": {}
        },
        {
          "character": "SCAPIN",
          "text": " Suis-moi.",
          "textWithEmoji": " Suis-moi.",
          "emojiWords": {}
        },
        {
          "character": "SCAPIN",
          "text": " J’ai des secrets pour déguiser ton visage et ta voix.",
          "textWithEmoji": " J’ai des secrets pour déguiser ton visage et ta voix.",
          "emojiWords": {}
        },
        {
          "character": "SILVESTRE",
          "text": "Je te conjure au moins de ne m’aller point brouiller avec la justice.",
          "textWithEmoji": "Je te conjure au moins de ne m’aller point ‼ brouiller avec la justice.",
          "emojiWords": {
            "point": "‼"
          }
        },
        {
          "character": "SCAPIN",
          "text": "Va, va; nous partagerons les périls en frères; et trois ans de galère de plus, ou de moins, ne sont pas pour arrêter un noble cœur.",
          "textWithEmoji": "Va, va; nous partagerons les périls en frères; et trois ans de galère de plus, ou de moins, ne sont pas pour arrêter un noble cœur 💛.",
          "emojiWords": {
            "cœur": "💛"
          }
        }
      ]
    }
  ]
}
{
  "title": "Le Bourgeois gentilhomme",
  "characters": [
    {
      "name": "MONSIEUR JOURDAIN",
      "desc": "bourgeois."
    },
    {
      "name": "MADAME JOURDAIN",
      "desc": "sa femme."
    },
    {
      "name": "LUCILE",
      "desc": "fille de M. Jourdain."
    },
    {
      "name": "NICOLE",
      "desc": "servante."
    },
    {
      "name": "CLÉONTE",
      "desc": "amoureux de Lucile."
    },
    {
      "name": "COVIELLE",
      "desc": "valet de Cléonte."
    },
    {
      "name": "DORANTE",
      "desc": "comte, amant de Dorimène."
    },
    {
      "name": "DORIMÈNE",
      "desc": "marquise."
    },
    {
      "name": "MAÎTRE DE MUSIQUE.",
      "desc": ""
    },
    {
      "name": "ÉLÈVE DU MAÎTRE DE MUSIQUE.",
      "desc": ""
    },
    {
      "name": "MAÎTRE À DANSER.",
      "desc": ""
    },
    {
      "name": "MAÎTRE D’ARMES.",
      "desc": ""
    },
    {
      "name": "MAÎTRE DE PHILOSOPHIE.",
      "desc": ""
    },
    {
      "name": "MAÎTRE TAILLEUR.",
      "desc": ""
    },
    {
      "name": "GARÇON TAILLEUR.",
      "desc": ""
    },
    {
      "name": "DEUX LAQUAIS.",
      "desc": ""
    }
  ],
  "context": [
    "Autres personnages présents: PLUSIEURS MUSICIENS, MUSICIENNES, JOUEURS D’INSTRUMENTS, DANSEURS, CUISINIERS, GARÇONS TAILLEURS, ET AUTRES PERSONNAGES DES INTERMÈDES ET DU BALLET.",
    "",
    "La scène est à Paris.",
    "L’ouverture se fait par un grand assemblage d’instruments ; et dans le milieu du théâtre on voit un élève du Maître de musique, qui compose sur une table un air que le Bourgeois a demandé pour une sérénade.",
    " "
  ],
  "scenes": [
    {
      "act": "I",
      "scene": 1,
      "dialogue": [
        {
          "character": "MAÎTRE DE MUSIQUE, parlant à ses Musiciens",
          "text": "Venez, entrez dans cette salle, et vous reposez là, en attendant qu’il vienne.",
          "textWithEmoji": "Venez, entrez dans cette salle, et vous reposez là, en attendant qu’il vienne.",
          "emojiWords": {}
        },
        {
          "character": "MAÎTRE À DANSER, parlant aux Danseurs",
          "text": "Et vous aussi, de ce côté.",
          "textWithEmoji": "Et vous aussi, de ce côté.",
          "emojiWords": {}
        },
        {
          "character": "MAÎTRE DE MUSIQUE,à l’Élève",
          "text": "Est-ce fait ?",
          "textWithEmoji": "Est-ce fait ?",
          "emojiWords": {}
        },
        {
          "character": "L’ÉLÈVE",
          "text": "Oui.",
          "textWithEmoji": "Oui.",
          "emojiWords": {}
        },
        {
          "character": "MAÎTRE DE MUSIQUE",
          "text": "Voyons...",
          "textWithEmoji": "Voyons...",
          "emojiWords": {}
        },
        {
          "character": "MAÎTRE DE MUSIQUE",
          "text": " Voilà qui est bien.",
          "textWithEmoji": " Voilà qui est bien.",
          "emojiWords": {}
        },
        {
          "character": "MAÎTRE À DANSER",
          "text": "Est-ce quelque chose de nouveau ?",
          "textWithEmoji": "Est-ce quelque chose de nouveau 🆕 ?",
          "emojiWords": {
            "nouveau": "🆕"
          }
        },
        {
          "character": "MAÎTRE DE MUSIQUE",
          "text": "Oui, c’est un air pour une sérénade, que je lui ai fait composer ici, en attendant que notre homme fût éveillé.",
          "textWithEmoji": "Oui, c’est un air pour une sérénade, que je lui ai fait composer ici, en attendant que notre homme 👲 fût éveillé.",
          "emojiWords": {
            "homme": "👲"
          }
        },
        {
          "character": "MAÎTRE À DANSER",
          "text": "Peut-on voir ce que c’est ?",
          "textWithEmoji": "Peut-on voir ce que c’est ?",
          "emojiWords": {}
        },
        {
          "character": "MAÎTRE DE MUSIQUE",
          "text": "Vous l’allez entendre, avec le dialogue, quand il viendra.",
          "textWithEmoji": "Vous l’allez entendre, avec le dialogue, quand il viendra.",
          "emojiWords": {}
        },
        {
          "character": "MAÎTRE DE MUSIQUE",
          "text": " Il ne tardera guère.",
          "textWithEmoji": " Il ne tardera guère.",
          "emojiWords": {}
        },
        {
          "character": "MAÎTRE À DANSER",
          "text": "Nos occupations, à vous, et à moi, ne sont pas petites maintenant.",
          "textWithEmoji": "Nos occupations, à vous, et à moi, ne sont pas petites maintenant.",
          "emojiWords": {}
        },
        {
          "character": "MAÎTRE DE MUSIQUE",
          "text": "Il est vrai.",
          "textWithEmoji": "Il est vrai.",
          "emojiWords": {}
        },
        {
          "character": "MAÎTRE DE MUSIQUE",
          "text": " Nous avons trouvé ici un homme comme il nous le faut à tous deux.",
          "textWithEmoji": " Nous avons trouvé ici un homme 👲 comme il nous le faut à tous deux 👬.",
          "emojiWords": {
            "homme": "👲",
            "deux": "👬"
          }
        },
        {
          "character": "MAÎTRE DE MUSIQUE",
          "text": " Ce nous est une douce rente que ce Monsieur Jourdain, avec les visions de noblesse et de galanterie qu’il est allé se mettre en tête.",
          "textWithEmoji": " Ce nous est une douce rente que ce Monsieur Jourdain, avec les visions de noblesse et de galanterie qu’il est allé se mettre en tête.",
          "emojiWords": {}
        },
        {
          "character": "MAÎTRE DE MUSIQUE",
          "text": " Et votre danse, et ma musique, auraient à souhaiter que tout le monde lui ressemblât.",
          "textWithEmoji": " Et votre danse, et ma musique, auraient à souhaiter que tout le monde lui ressemblât.",
          "emojiWords": {}
        },
        {
          "character": "MAÎTRE À DANSER",
          "text": "Non pas entièrement; et je voudrais pour lui, qu’il se connût mieux qu’il ne fait aux choses que nous lui donnons.",
          "textWithEmoji": "Non pas entièrement; et je voudrais pour lui, qu’il se connût mieux qu’il ne fait aux choses que nous lui donnons.",
          "emojiWords": {}
        },
        {
          "character": "MAÎTRE DE MUSIQUE",
          "text": "Il est vrai qu’il les connaît mal, mais il les paye bien; et c’est de quoi maintenant nos arts ont plus besoin, que de toute autre chose.",
          "textWithEmoji": "Il est vrai qu’il les connaît mal, mais il les paye bien; et c’est de quoi maintenant nos arts 🎭 ont plus besoin, que de toute autre chose.",
          "emojiWords": {
            "arts": "🎭"
          }
        },
        {
          "character": "MAÎTRE À DANSER",
          "text": "Pour moi, je vous l’avoue, je me repais un peu de gloire.",
          "textWithEmoji": "Pour moi, je vous l’avoue, je me repais un peu de gloire.",
          "emojiWords": {}
        },
        {
          "character": "MAÎTRE À DANSER",
          "text": " Les applaudissements me touchent; et je tiens que dans tous les beaux arts, c’est un supplice assez fâcheux, que de se produire à des sots; que d’essuyer sur des compositions, la barbarie d’un stupide.",
          "textWithEmoji": " Les applaudissements 👏 me touchent; et je tiens que dans tous les beaux arts 🎭, c’est un supplice assez fâcheux, que de se produire à des sots; que d’essuyer sur des compositions, la barbarie d’un stupide.",
          "emojiWords": {
            "applaudissements": "👏",
            "arts": "🎭"
          }
        },
        {
          "character": "MAÎTRE À DANSER",
          "text": " Il y a plaisir, ne m’en parlez point, à travailler pour des personnes qui soient capables de sentir les délicatesses d’un art; qui sachent faire un doux accueil aux beautés d’un ouvrage; et par de chatouillantes approbations, vous régaler de votre travail.",
          "textWithEmoji": " Il y a plaisir, ne m’en parlez point ‼, à travailler pour des personnes qui soient capables de sentir les délicatesses d’un art; qui sachent faire un doux accueil aux beautés d’un ouvrage; et par de chatouillantes approbations, vous régaler de votre travail.",
          "emojiWords": {
            "point": "‼"
          }
        },
        {
          "character": "MAÎTRE À DANSER",
          "text": " Oui, la récompense la plus agréable qu’on puisse recevoir des choses que l’on fait, c’est de les voir connues; de les voir caressées d’un applaudissement qui vous honore.",
          "textWithEmoji": " Oui, la récompense la plus agréable qu’on puisse recevoir des choses que l’on fait, c’est de les voir connues; de les voir caressées d’un applaudissement qui vous honore.",
          "emojiWords": {}
        },
        {
          "character": "MAÎTRE À DANSER",
          "text": " Il n’y a rien, à mon avis, qui nous paye mieux que cela de toutes nos fatigues; et ce sont des douceurs exquises, que des louanges éclairées.",
          "textWithEmoji": " Il n’y a rien, à mon avis, qui nous paye mieux que cela de toutes nos fatigues; et ce sont des douceurs exquises, que des louanges éclairées.",
          "emojiWords": {}
        },
        {
          "character": "MAÎTRE DE MUSIQUE",
          "text": "J’en demeure d’accord, et je les goûte comme vous.",
          "textWithEmoji": "J’en demeure d’accord, et je les goûte comme vous.",
          "emojiWords": {}
        },
        {
          "character": "MAÎTRE DE MUSIQUE",
          "text": " Il n’y a rien assurément qui chatouille davantage que les applaudissements que vous dites; mais cet encens ne fait pas vivre.",
          "textWithEmoji": " Il n’y a rien assurément qui chatouille davantage que les applaudissements 👏 que vous dites; mais cet encens ne fait pas vivre.",
          "emojiWords": {
            "applaudissements": "👏"
          }
        },
        {
          "character": "MAÎTRE DE MUSIQUE",
          "text": " Des louanges toutes pures, ne mettent point un homme à son aise : il y faut mêler du solide; et la meilleure façon de louer, c’est de louer avec les mains.",
          "textWithEmoji": " Des louanges toutes pures, ne mettent point ‼ un homme 👲 à son aise : il y faut mêler du solide; et la meilleure façon de louer, c’est de louer avec les mains 👐.",
          "emojiWords": {
            "point": "‼",
            "homme": "👲",
            "mains": "👐"
          }
        },
        {
          "character": "MAÎTRE DE MUSIQUE",
          "text": " C’est un homme à la vérité dont les lumières sont petites, qui parle à tort et à travers de toutes choses, et n’applaudit qu’à contre-sens; mais son argent redresse les jugements de son esprit.",
          "textWithEmoji": " C’est un homme 👲 à la vérité dont les lumières sont petites, qui parle à tort et à travers de toutes choses, et n’applaudit qu’à contre-sens; mais son argent 💸 redresse les jugements de son esprit.",
          "emojiWords": {
            "homme": "👲",
            "argent": "💸"
          }
        },
        {
          "character": "MAÎTRE DE MUSIQUE",
          "text": " Il a du discernement dans sa bourse.",
          "textWithEmoji": " Il a du discernement dans sa bourse.",
          "emojiWords": {}
        },
        {
          "character": "MAÎTRE DE MUSIQUE",
          "text": " Ses louanges sont monnayées; et ce bourgeois ignorant, nous vaut mieux, comme vous voyez, que le grand seigneur éclairé qui nous a introduits ici.",
          "textWithEmoji": " Ses louanges sont monnayées; et ce bourgeois ignorant, nous vaut mieux, comme vous voyez, que le grand 🏬 seigneur éclairé qui nous a introduits ici.",
          "emojiWords": {
            "grand": "🏬"
          }
        },
        {
          "character": "MAÎTRE À DANSER",
          "text": "Il y a quelque chose de vrai dans ce que vous dites; mais je trouve que vous appuyez un peu trop sur l’argent; et l’intérêt est quelque chose de si bas, qu’il ne faut jamais qu’un honnête homme montre pour lui de l’attachement.",
          "textWithEmoji": "Il y a quelque chose de vrai dans ce que vous dites; mais je trouve que vous appuyez un peu trop sur l’argent; et l’intérêt est quelque chose de si bas, qu’il ne faut jamais qu’un honnête homme 👲 montre pour lui de l’attachement.",
          "emojiWords": {
            "homme": "👲"
          }
        },
        {
          "character": "MAÎTRE DE MUSIQUE",
          "text": "Vous recevez fort bien pourtant l’argent que notre homme vous donne.",
          "textWithEmoji": "Vous recevez fort bien pourtant l’argent que notre homme 👲 vous donne.",
          "emojiWords": {
            "homme": "👲"
          }
        },
        {
          "character": "MAÎTRE À DANSER",
          "text": "Assurément; mais je n’en fais pas tout mon bonheur, et je voudrais qu’avec son bien, il eût encore quelque bon goût des choses.",
          "textWithEmoji": "Assurément; mais je n’en fais pas tout mon bonheur, et je voudrais qu’avec son bien, il eût encore quelque bon goût des choses.",
          "emojiWords": {}
        },
        {
          "character": "MAÎTRE DE MUSIQUE",
          "text": "Je le voudrais aussi, et c’est à quoi nous travaillons tous deux autant que nous pouvons.",
          "textWithEmoji": "Je le voudrais aussi, et c’est à quoi nous travaillons tous deux 👬 autant que nous pouvons.",
          "emojiWords": {
            "deux": "👬"
          }
        },
        {
          "character": "MAÎTRE DE MUSIQUE",
          "text": " Mais en tout cas il nous donne moyen de nous faire connaître dans le monde; et il payera pour les autres, ce que les autres loueront pour lui.",
          "textWithEmoji": " Mais en tout cas il nous donne moyen de nous faire connaître dans le monde; et il payera pour les autres, ce que les autres loueront pour lui.",
          "emojiWords": {}
        },
        {
          "character": "MAÎTRE À DANSER",
          "text": "Le voilà qui vient.",
          "textWithEmoji": "Le voilà qui vient.",
          "emojiWords": {}
        }
      ]
    },
    {
      "act": "I",
      "scene": 2,
      "dialogue": [
        {
          "character": "MONSIEUR JOURDAIN",
          "text": "Hé bien, Messieurs ?",
          "textWithEmoji": "Hé bien, Messieurs ?",
          "emojiWords": {}
        },
        {
          "character": "MONSIEUR JOURDAIN",
          "text": " Qu’est-ce ?",
          "textWithEmoji": " Qu’est-ce ?",
          "emojiWords": {}
        },
        {
          "character": "MONSIEUR JOURDAIN",
          "text": " Me ferez-vous voir votre petite drôlerie ?",
          "textWithEmoji": " Me ferez-vous voir votre petite drôlerie ?",
          "emojiWords": {}
        },
        {
          "character": "MAÎTRE À DANSER",
          "text": "Comment ?",
          "textWithEmoji": "Comment ?",
          "emojiWords": {}
        },
        {
          "character": "MAÎTRE À DANSER",
          "text": " Quelle petite drôlerie ?",
          "textWithEmoji": " Quelle petite drôlerie ?",
          "emojiWords": {}
        },
        {
          "character": "MONSIEUR JOURDAIN",
          "text": "Eh la...",
          "textWithEmoji": "Eh la...",
          "emojiWords": {}
        },
        {
          "character": "MONSIEUR JOURDAIN",
          "text": " comment appelez-vous cela ?",
          "textWithEmoji": " comment appelez-vous cela ?",
          "emojiWords": {}
        },
        {
          "character": "MONSIEUR JOURDAIN",
          "text": " Votre prologue, ou dialogue de chansons et de danse.",
          "textWithEmoji": " Votre prologue, ou dialogue de chansons et de danse.",
          "emojiWords": {}
        },
        {
          "character": "MAÎTRE À DANSER",
          "text": "Ah, ah.",
          "textWithEmoji": "Ah, ah.",
          "emojiWords": {}
        },
        {
          "character": "MAÎTRE DE MUSIQUE",
          "text": "Vous nous y voyez préparés.",
          "textWithEmoji": "Vous nous y voyez préparés.",
          "emojiWords": {}
        },
        {
          "character": "MONSIEUR JOURDAIN",
          "text": "Je vous ai fait un peu attendre, mais c’est que je me fais habiller aujourd’hui comme les gens de qualité; et mon tailleur m’a envoyé des bas de soie que j’ai pensé ne mettre jamais.",
          "textWithEmoji": "Je vous ai fait un peu attendre, mais c’est que je me fais habiller aujourd’hui comme les gens de qualité; et mon tailleur m’a envoyé des bas de soie que j’ai pensé ne mettre jamais.",
          "emojiWords": {}
        },
        {
          "character": "MAÎTRE DE MUSIQUE",
          "text": "Nous ne sommes ici que pour attendre votre loisir.",
          "textWithEmoji": "Nous ne sommes ici que pour attendre votre loisir.",
          "emojiWords": {}
        },
        {
          "character": "MONSIEUR JOURDAIN",
          "text": "Je vous prie tous deux de ne vous point en aller, qu’on ne m’ait apporté mon habit, afin que vous me puissiez voir.",
          "textWithEmoji": "Je vous prie tous deux 👬 de ne vous point ‼ en aller, qu’on ne m’ait apporté mon habit, afin que vous me puissiez voir.",
          "emojiWords": {
            "deux": "👬",
            "point": "‼"
          }
        },
        {
          "character": "MAÎTRE À DANSER",
          "text": "Tout ce qu’il vous plaira.",
          "textWithEmoji": "Tout ce qu’il vous plaira.",
          "emojiWords": {}
        },
        {
          "character": "MONSIEUR JOURDAIN",
          "text": "Vous me verrez équipé comme il faut, depuis les pieds jusqu’à la tête.",
          "textWithEmoji": "Vous me verrez équipé comme il faut, depuis les pieds jusqu’à la tête.",
          "emojiWords": {}
        },
        {
          "character": "MAÎTRE DE MUSIQUE",
          "text": "Nous n’en doutons point.",
          "textWithEmoji": "Nous n’en doutons point ‼.",
          "emojiWords": {
            "point": "‼"
          }
        },
        {
          "character": "MONSIEUR JOURDAIN",
          "text": "Je me suis fait faire cette indienne-ci.",
          "textWithEmoji": "Je me suis fait faire cette indienne-ci.",
          "emojiWords": {}
        },
        {
          "character": "MAÎTRE À DANSER",
          "text": "Elle est fort belle.",
          "textWithEmoji": "Elle est fort belle.",
          "emojiWords": {}
        },
        {
          "character": "MONSIEUR JOURDAIN",
          "text": "Mon tailleur m’a dit que les gens de qualité étaient comme cela le matin.",
          "textWithEmoji": "Mon tailleur m’a dit que les gens de qualité étaient comme cela le matin.",
          "emojiWords": {}
        },
        {
          "character": "MAÎTRE DE MUSIQUE",
          "text": "Cela vous sied à merveille.",
          "textWithEmoji": "Cela vous sied à merveille.",
          "emojiWords": {}
        },
        {
          "character": "MONSIEUR JOURDAIN",
          "text": "Laquais, holà, mes deux laquais.",
          "textWithEmoji": "Laquais, holà, mes deux 👬 laquais.",
          "emojiWords": {
            "deux": "👬"
          }
        },
        {
          "character": "PREMIER LAQUAIS",
          "text": "Que voulez-vous, Monsieur ?",
          "textWithEmoji": "Que voulez-vous, Monsieur ?",
          "emojiWords": {}
        },
        {
          "character": "MONSIEUR JOURDAIN",
          "text": "Rien.",
          "textWithEmoji": "Rien.",
          "emojiWords": {}
        },
        {
          "character": "MONSIEUR JOURDAIN",
          "text": " C’est pour voir si vous m’entendez bien.",
          "textWithEmoji": " C’est pour voir si vous m’entendez bien.",
          "emojiWords": {}
        },
        {
          "character": "MONSIEUR JOURDAIN",
          "text": " Aux deux Maîtres.",
          "textWithEmoji": " Aux deux 👬 Maîtres.",
          "emojiWords": {
            "deux": "👬"
          }
        },
        {
          "character": "MONSIEUR JOURDAIN",
          "text": " Que dites-vous de mes livrées ?",
          "textWithEmoji": " Que dites-vous de mes livrées ?",
          "emojiWords": {}
        },
        {
          "character": "MAÎTRE À DANSER",
          "text": "Elles sont magnifiques.",
          "textWithEmoji": "Elles sont magnifiques.",
          "emojiWords": {}
        },
        {
          "character": "MAÎTRE À DANSER",
          "text": " MONSIEUR JOURDAIN.",
          "textWithEmoji": " MONSIEUR JOURDAIN.",
          "emojiWords": {}
        },
        {
          "character": "MAÎTRE À DANSER",
          "text": " Il entr’ouvre sa robe, et fait voir un haut-de-chausses étroit de velours rouge, et une camisole de velours vert, dont il est vêtu.",
          "textWithEmoji": " Il entr’ouvre sa robe 👗, et fait voir un haut-de-chausses étroit de velours rouge 💄, et une camisole de velours vert, dont il est vêtu.",
          "emojiWords": {
            "robe": "👗",
            "rouge": "💄"
          }
        },
        {
          "character": "MAÎTRE À DANSER",
          "text": "- Voici encore un petit déshabillé pour faire le matin mes exercices.",
          "textWithEmoji": "- Voici encore un petit 🔼 déshabillé pour faire le matin mes exercices.",
          "emojiWords": {
            "petit": "🔼"
          }
        },
        {
          "character": "MAÎTRE DE MUSIQUE",
          "text": "Il est galant.",
          "textWithEmoji": "Il est galant.",
          "emojiWords": {}
        },
        {
          "character": "MONSIEUR JOURDAIN",
          "text": "Laquais.",
          "textWithEmoji": "Laquais.",
          "emojiWords": {}
        },
        {
          "character": "PREMIER LAQUAIS",
          "text": "Monsieur.",
          "textWithEmoji": "Monsieur.",
          "emojiWords": {}
        },
        {
          "character": "MONSIEUR JOURDAIN",
          "text": "L’autre laquais.",
          "textWithEmoji": "L’autre laquais.",
          "emojiWords": {}
        },
        {
          "character": "SECOND LAQUAIS",
          "text": "Monsieur.",
          "textWithEmoji": "Monsieur.",
          "emojiWords": {}
        },
        {
          "character": "MONSIEUR JOURDAIN",
          "text": "Tenez ma robe.",
          "textWithEmoji": "Tenez ma robe 👗.",
          "emojiWords": {
            "robe": "👗"
          }
        },
        {
          "character": "MONSIEUR JOURDAIN",
          "text": " Me trouvez-vous bien comme cela ?",
          "textWithEmoji": " Me trouvez-vous bien comme cela ?",
          "emojiWords": {}
        },
        {
          "character": "MAÎTRE À DANSER",
          "text": "Fort bien.",
          "textWithEmoji": "Fort bien.",
          "emojiWords": {}
        },
        {
          "character": "MAÎTRE À DANSER",
          "text": " On ne peut pas mieux.",
          "textWithEmoji": " On ne peut pas mieux.",
          "emojiWords": {}
        },
        {
          "character": "MONSIEUR JOURDAIN",
          "text": "Voyons un peu votre affaire.",
          "textWithEmoji": "Voyons un peu votre affaire.",
          "emojiWords": {}
        },
        {
          "character": "MAÎTRE DE MUSIQUE",
          "text": "Je voudrais bien auparavant vous faire entendre un air qu’il vient de composer pour la sérénade que vous m’avez demandée.",
          "textWithEmoji": "Je voudrais bien auparavant vous faire entendre un air qu’il vient de composer pour la sérénade que vous m’avez demandée.",
          "emojiWords": {}
        },
        {
          "character": "MAÎTRE DE MUSIQUE",
          "text": " C’est un de mes écoliers, qui a pour ces sortes de choses un talent admirable.",
          "textWithEmoji": " C’est un de mes écoliers, qui a pour ces sortes de choses un talent admirable.",
          "emojiWords": {}
        },
        {
          "character": "MONSIEUR JOURDAIN",
          "text": "Oui; mais il ne fallait pas faire faire cela par un écolier; et vous n’étiez pas trop bon vous-même pour cette besogne-là.",
          "textWithEmoji": "Oui; mais il ne fallait pas faire faire cela par un écolier; et vous n’étiez pas trop bon vous-même pour cette besogne-là.",
          "emojiWords": {}
        },
        {
          "character": "MAÎTRE DE MUSIQUE",
          "text": "Il ne faut pas, Monsieur, que le nom d’écolier vous abuse.",
          "textWithEmoji": "Il ne faut pas, Monsieur, que le nom d’écolier vous abuse.",
          "emojiWords": {}
        },
        {
          "character": "MAÎTRE DE MUSIQUE",
          "text": " Ces sortes d’écoliers en savent autant que les plus grands maîtres, et l’air est aussi beau qu’il s’en puisse faire.",
          "textWithEmoji": " Ces sortes d’écoliers en savent autant que les plus grands maîtres, et l’air est aussi beau qu’il s’en puisse faire.",
          "emojiWords": {}
        },
        {
          "character": "MAÎTRE DE MUSIQUE",
          "text": " Écoutez seulement.",
          "textWithEmoji": " Écoutez seulement.",
          "emojiWords": {}
        },
        {
          "character": "MONSIEUR JOURDAIN",
          "text": "Donnez-moi ma robe pour mieux entendre...",
          "textWithEmoji": "Donnez-moi ma robe 👗 pour mieux entendre...",
          "emojiWords": {
            "robe": "👗"
          }
        },
        {
          "character": "MONSIEUR JOURDAIN",
          "text": " Attendez, je crois que je serai mieux sans robe...",
          "textWithEmoji": " Attendez, je crois que je serai mieux sans robe 👗...",
          "emojiWords": {
            "robe": "👗"
          }
        },
        {
          "character": "MONSIEUR JOURDAIN",
          "text": " Non, redonnez-la-moi, cela ira mieux.",
          "textWithEmoji": " Non, redonnez-la-moi, cela ira mieux.",
          "emojiWords": {}
        },
        {
          "character": "MONSIEUR JOURDAIN",
          "text": " MUSICIEN, chantant.",
          "textWithEmoji": " MUSICIEN, chantant.",
          "emojiWords": {}
        },
        {
          "character": "MONSIEUR JOURDAIN",
          "text": "- Je languis nuit et jour, et mon mal est extrême, Depuis qu’à vos rigueurs vos beaux yeux m’ont soumis : Si vous traitez ainsi, belle Iris, qui vous aime, Hélas !",
          "textWithEmoji": "- Je languis nuit 🌃 et jour, et mon mal est extrême, Depuis qu’à vos rigueurs vos beaux yeux 👀 m’ont soumis : Si vous traitez ainsi, belle Iris, qui vous aime, Hélas !",
          "emojiWords": {
            "nuit": "🌃",
            "yeux": "👀"
          }
        },
        {
          "character": "MONSIEUR JOURDAIN",
          "text": " que pourriez-vous faire à vos ennemis ?",
          "textWithEmoji": " que pourriez-vous faire à vos ennemis ?",
          "emojiWords": {}
        },
        {
          "character": "MONSIEUR JOURDAIN",
          "text": "Cette chanson me semble un peu lugubre, elle endort, et je voudrais que vous la pussiez un peu ragaillardir par-ci, par-là.",
          "textWithEmoji": "Cette chanson me semble un peu lugubre, elle endort, et je voudrais que vous la pussiez un peu ragaillardir par-ci, par-là.",
          "emojiWords": {}
        },
        {
          "character": "MAÎTRE DE MUSIQUE",
          "text": "Il faut, Monsieur, que l’air soit accommodé aux paroles.",
          "textWithEmoji": "Il faut, Monsieur, que l’air soit accommodé aux paroles.",
          "emojiWords": {}
        },
        {
          "character": "MONSIEUR JOURDAIN",
          "text": "On m’en apprit un tout à fait joli il y a quelque temps.",
          "textWithEmoji": "On m’en apprit un tout à fait joli il y a quelque temps.",
          "emojiWords": {}
        },
        {
          "character": "MONSIEUR JOURDAIN",
          "text": " Attendez...",
          "textWithEmoji": " Attendez...",
          "emojiWords": {}
        },
        {
          "character": "MONSIEUR JOURDAIN",
          "text": " Là...",
          "textWithEmoji": " Là...",
          "emojiWords": {}
        },
        {
          "character": "MONSIEUR JOURDAIN",
          "text": " comment est-ce qu’il dit ?",
          "textWithEmoji": " comment est-ce qu’il dit ?",
          "emojiWords": {}
        },
        {
          "character": "MAÎTRE À DANSER",
          "text": "Par ma foi, je ne sais.",
          "textWithEmoji": "Par ma foi, je ne sais.",
          "emojiWords": {}
        },
        {
          "character": "MONSIEUR JOURDAIN",
          "text": "Il y a du mouton dedans.",
          "textWithEmoji": "Il y a du mouton 🐑 dedans.",
          "emojiWords": {
            "mouton": "🐑"
          }
        },
        {
          "character": "MAÎTRE À DANSER",
          "text": "Du mouton ?",
          "textWithEmoji": "Du mouton 🐑 ?",
          "emojiWords": {
            "mouton": "🐑"
          }
        },
        {
          "character": "MONSIEUR JOURDAIN",
          "text": "Oui.",
          "textWithEmoji": "Oui.",
          "emojiWords": {}
        },
        {
          "character": "MONSIEUR JOURDAIN",
          "text": " Ah.",
          "textWithEmoji": " Ah.",
          "emojiWords": {}
        },
        {
          "character": "MONSIEUR JOURDAIN",
          "text": " Monsieur Jourdain chante.",
          "textWithEmoji": " Monsieur Jourdain chante.",
          "emojiWords": {}
        },
        {
          "character": "MONSIEUR JOURDAIN",
          "text": " Je croyais Janneton Aussi douce que belle; Je croyais Janneton Plus douce qu’un mouton : Hélas !",
          "textWithEmoji": " Je croyais Janneton Aussi douce que belle; Je croyais Janneton Plus douce qu’un mouton 🐑 : Hélas !",
          "emojiWords": {
            "mouton": "🐑"
          }
        },
        {
          "character": "MONSIEUR JOURDAIN",
          "text": " hélas !",
          "textWithEmoji": " hélas !",
          "emojiWords": {}
        },
        {
          "character": "MONSIEUR JOURDAIN",
          "text": " Elle est cent fois, mille fois plus cruelle, Que n’est le tigre aux bois.",
          "textWithEmoji": " Elle est cent fois, mille fois plus cruelle, Que n’est le tigre 🐯 aux bois.",
          "emojiWords": {
            "tigre": "🐯"
          }
        },
        {
          "character": "MONSIEUR JOURDAIN",
          "text": " N’est-il pas joli ?",
          "textWithEmoji": " N’est-il pas joli ?",
          "emojiWords": {}
        },
        {
          "character": "MAÎTRE DE MUSIQUE",
          "text": "Le plus joli du monde.",
          "textWithEmoji": "Le plus joli du monde.",
          "emojiWords": {}
        },
        {
          "character": "MAÎTRE À DANSER",
          "text": "Et vous le chantez bien.",
          "textWithEmoji": "Et vous le chantez bien.",
          "emojiWords": {}
        },
        {
          "character": "MONSIEUR JOURDAIN",
          "text": "C’est sans avoir appris la musique.",
          "textWithEmoji": "C’est sans avoir appris la musique.",
          "emojiWords": {}
        },
        {
          "character": "MAÎTRE DE MUSIQUE",
          "text": "Vous devriez l’apprendre, Monsieur, comme vous faites la danse.",
          "textWithEmoji": "Vous devriez l’apprendre, Monsieur, comme vous faites la danse.",
          "emojiWords": {}
        },
        {
          "character": "MAÎTRE DE MUSIQUE",
          "text": " Ce sont deux arts qui ont une étroite liaison ensemble.",
          "textWithEmoji": " Ce sont deux 👬 arts qui ont une étroite liaison ensemble.",
          "emojiWords": {
            "deux": "👬"
          }
        },
        {
          "character": "MAÎTRE À DANSER",
          "text": "Et qui ouvrent l’esprit d’un homme aux belles choses.",
          "textWithEmoji": "Et qui ouvrent l’esprit d’un homme 👲 aux belles choses.",
          "emojiWords": {
            "homme": "👲"
          }
        },
        {
          "character": "MONSIEUR JOURDAIN",
          "text": "Est-ce que les gens de qualité apprennent aussi la musique ?",
          "textWithEmoji": "Est-ce que les gens de qualité apprennent aussi la musique ?",
          "emojiWords": {}
        },
        {
          "character": "MAÎTRE DE MUSIQUE",
          "text": "Oui, Monsieur.",
          "textWithEmoji": "Oui, Monsieur.",
          "emojiWords": {}
        },
        {
          "character": "MONSIEUR JOURDAIN",
          "text": "Je l’apprendrai donc.",
          "textWithEmoji": "Je l’apprendrai donc.",
          "emojiWords": {}
        },
        {
          "character": "MONSIEUR JOURDAIN",
          "text": " Mais je ne sais quel temps je pourrai prendre; car outre le Maître d’armes qui me montre, j’ai arrêté [i] encore un Maître de philosophie qui doit commencer ce matin.",
          "textWithEmoji": " Mais je ne sais quel temps je pourrai prendre; car outre le Maître d’armes qui me montre ⌚, j’ai arrêté [i] encore un Maître de philosophie qui doit commencer ce matin.",
          "emojiWords": {
            "montre": "⌚"
          }
        },
        {
          "character": "MAÎTRE DE MUSIQUE",
          "text": "La philosophie est quelque chose; mais la musique, Monsieur, la musique...",
          "textWithEmoji": "La philosophie est quelque chose; mais la musique, Monsieur, la musique...",
          "emojiWords": {}
        },
        {
          "character": "MAÎTRE À DANSER",
          "text": "La musique et la danse...",
          "textWithEmoji": "La musique et la danse...",
          "emojiWords": {}
        },
        {
          "character": "MAÎTRE À DANSER",
          "text": " La musique et la danse, c’est là tout ce qu’il faut.",
          "textWithEmoji": " La musique et la danse, c’est là tout ce qu’il faut.",
          "emojiWords": {}
        },
        {
          "character": "MAÎTRE DE MUSIQUE",
          "text": "Il n’y a rien qui soit si utile dans un État, que la musique.",
          "textWithEmoji": "Il n’y a rien qui soit si utile dans un État, que la musique.",
          "emojiWords": {}
        },
        {
          "character": "MAÎTRE À DANSER",
          "text": "Il n’y a rien qui soit si nécessaire aux hommes, que la danse.",
          "textWithEmoji": "Il n’y a rien qui soit si nécessaire aux hommes, que la danse.",
          "emojiWords": {}
        },
        {
          "character": "MAÎTRE DE MUSIQUE",
          "text": "Sans la musique, un État ne peut subsister.",
          "textWithEmoji": "Sans la musique, un État ne peut subsister.",
          "emojiWords": {}
        },
        {
          "character": "MAÎTRE À DANSER",
          "text": "Sans la danse, un homme ne saurait rien faire.",
          "textWithEmoji": "Sans la danse, un homme 👲 ne saurait rien faire.",
          "emojiWords": {
            "homme": "👲"
          }
        },
        {
          "character": "MAÎTRE DE MUSIQUE",
          "text": "Tous les désordres, toutes les guerres qu’on voit dans le monde, n’arrivent que pour n’apprendre pas la musique.",
          "textWithEmoji": "Tous les désordres, toutes les guerres qu’on voit dans le monde, n’arrivent que pour n’apprendre pas la musique.",
          "emojiWords": {}
        },
        {
          "character": "MAÎTRE À DANSER",
          "text": "Tous les malheurs des hommes, tous les revers funestes dont les histoires sont remplies, les bévues des politiques, et les manquements des grands capitaines, tout cela n’est venu que faute de savoir danser.",
          "textWithEmoji": "Tous les malheurs des hommes, tous les revers funestes dont les histoires sont remplies, les bévues des politiques, et les manquements des grands capitaines, tout cela n’est venu que faute de savoir danser.",
          "emojiWords": {}
        },
        {
          "character": "MONSIEUR JOURDAIN",
          "text": "Comment cela ?",
          "textWithEmoji": "Comment cela ?",
          "emojiWords": {}
        },
        {
          "character": "MAÎTRE DE MUSIQUE",
          "text": "La guerre ne vient-elle pas d’un manque d’union entre les hommes ?",
          "textWithEmoji": "La guerre ne vient-elle pas d’un manque d’union entre les hommes ?",
          "emojiWords": {}
        },
        {
          "character": "MONSIEUR JOURDAIN",
          "text": "Cela est vrai.",
          "textWithEmoji": "Cela est vrai.",
          "emojiWords": {}
        },
        {
          "character": "MAÎTRE DE MUSIQUE",
          "text": "Et si tous les hommes apprenaient la musique, ne serait-ce pas le moyen de s’accorder ensemble, et de voir dans le monde la paix universelle ?",
          "textWithEmoji": "Et si tous les hommes apprenaient la musique, ne serait-ce pas le moyen de s’accorder ensemble, et de voir dans le monde la paix universelle ?",
          "emojiWords": {}
        },
        {
          "character": "MONSIEUR JOURDAIN",
          "text": "Vous avez raison.",
          "textWithEmoji": "Vous avez raison.",
          "emojiWords": {}
        },
        {
          "character": "MAÎTRE À DANSER",
          "text": "Lorsqu’un homme a commis un manquement dans sa conduite, soit aux affaires de sa famille, ou au gouvernement d’un État, ou au commandement d’une armée, ne dit-on pas toujours : \"Un tel a fait un mauvais pas dans une telle affaire \" ?",
          "textWithEmoji": "Lorsqu’un homme 👲 a commis un manquement dans sa conduite, soit aux affaires de sa famille 👪, ou au gouvernement d’un État, ou au commandement d’une armée, ne dit-on pas toujours : \"Un tel a fait un mauvais pas dans une telle affaire \" ?",
          "emojiWords": {
            "homme": "👲",
            "famille": "👪"
          }
        },
        {
          "character": "MONSIEUR JOURDAIN",
          "text": "Oui, on dit cela.",
          "textWithEmoji": "Oui, on dit cela.",
          "emojiWords": {}
        },
        {
          "character": "MAÎTRE À DANSER",
          "text": "Et faire un mauvais pas, peut-il procéder d’autre chose que de ne savoir pas danser ?",
          "textWithEmoji": "Et faire un mauvais pas, peut-il procéder d’autre chose que de ne savoir pas danser ?",
          "emojiWords": {}
        },
        {
          "character": "MONSIEUR JOURDAIN",
          "text": "Cela est vrai, vous avez raison tous deux.",
          "textWithEmoji": "Cela est vrai, vous avez raison tous deux 👬.",
          "emojiWords": {
            "deux": "👬"
          }
        },
        {
          "character": "MAÎTRE À DANSER",
          "text": "C’est pour vous faire voir l’excellence et l’utilité de la danse et de la musique.",
          "textWithEmoji": "C’est pour vous faire voir l’excellence et l’utilité de la danse et de la musique.",
          "emojiWords": {}
        },
        {
          "character": "MONSIEUR JOURDAIN",
          "text": "Je comprends cela à cette heure.",
          "textWithEmoji": "Je comprends cela à cette heure.",
          "emojiWords": {}
        },
        {
          "character": "MAÎTRE DE MUSIQUE",
          "text": "Voulez-vous voir nos deux affaires ?",
          "textWithEmoji": "Voulez-vous voir nos deux 👬 affaires ?",
          "emojiWords": {
            "deux": "👬"
          }
        },
        {
          "character": "MONSIEUR JOURDAIN",
          "text": "Oui.",
          "textWithEmoji": "Oui.",
          "emojiWords": {}
        },
        {
          "character": "MAÎTRE DE MUSIQUE",
          "text": "Je vous l’ai déjà dit, c’est un petit essai que j’ai fait autrefois des diverses passions que peut exprimer la musique.",
          "textWithEmoji": "Je vous l’ai déjà dit, c’est un petit 🔼 essai que j’ai fait autrefois des diverses passions que peut exprimer la musique.",
          "emojiWords": {
            "petit": "🔼"
          }
        },
        {
          "character": "MONSIEUR JOURDAIN",
          "text": "Fort bien.",
          "textWithEmoji": "Fort bien.",
          "emojiWords": {}
        },
        {
          "character": "MAÎTRE DE MUSIQUE",
          "text": "Allons, avancez.",
          "textWithEmoji": "Allons, avancez.",
          "emojiWords": {}
        },
        {
          "character": "MAÎTRE DE MUSIQUE",
          "text": " Il faut vous figurer qu’ils sont habillés en bergers.",
          "textWithEmoji": " Il faut vous figurer qu’ils sont habillés en bergers.",
          "emojiWords": {}
        },
        {
          "character": "MONSIEUR JOURDAIN",
          "text": "Pourquoi toujours des bergers ?",
          "textWithEmoji": "Pourquoi toujours des bergers ?",
          "emojiWords": {}
        },
        {
          "character": "MONSIEUR JOURDAIN",
          "text": " On ne voit que cela partout.",
          "textWithEmoji": " On ne voit que cela partout.",
          "emojiWords": {}
        },
        {
          "character": "MAÎTRE À DANSER",
          "text": "Lorsqu’on a des personnes à faire parler en musique, il faut bien que pour la vraisemblance on donne dans la bergerie.",
          "textWithEmoji": "Lorsqu’on a des personnes à faire parler en musique, il faut bien que pour la vraisemblance on donne dans la bergerie.",
          "emojiWords": {}
        },
        {
          "character": "MAÎTRE À DANSER",
          "text": " Le chant a été de tout temps affecté aux bergers; et il n’est guère naturel en dialogue, que des princes, ou des bourgeois chantent leurs passions.",
          "textWithEmoji": " Le chant a été de tout temps affecté aux bergers; et il n’est guère naturel en dialogue, que des princes, ou des bourgeois chantent leurs passions.",
          "emojiWords": {}
        },
        {
          "character": "MONSIEUR JOURDAIN",
          "text": "Passe, passe.",
          "textWithEmoji": "Passe, passe.",
          "emojiWords": {}
        },
        {
          "character": "MONSIEUR JOURDAIN",
          "text": " Voyons.",
          "textWithEmoji": " Voyons.",
          "emojiWords": {}
        },
        {
          "character": "MONSIEUR JOURDAIN",
          "text": " DIALOGUE EN MUSIQUE UNE MUSICIENNE ET DEUX MUSICIENS Un cœur, dans l’amoureux empire, De mille soins est toujours agité : On dit qu’avec plaisir on languit, on soupire; Mais, quoi qu’on puisse dire, Il n’est rien de si doux que notre liberté.",
          "textWithEmoji": " DIALOGUE EN MUSIQUE UNE MUSICIENNE ET DEUX MUSICIENS Un cœur 💛, dans l’amoureux empire, De mille soins est toujours agité : On dit qu’avec plaisir on languit, on soupire; Mais, quoi qu’on puisse dire, Il n’est rien de si doux que notre liberté.",
          "emojiWords": {
            "cœur": "💛"
          }
        },
        {
          "character": "MONSIEUR JOURDAIN",
          "text": " PREMIER MUSICIEN Il n’est rien de si doux que les tendres ardeurs Qui font vivre deux cœurs Dans une même envie : On ne peut être heureux sans amoureux désirs; Ôtez l’amour de la vie, Vous en ôtez les plaisirs.",
          "textWithEmoji": " PREMIER MUSICIEN Il n’est rien de si doux que les tendres ardeurs Qui font vivre deux 👬 cœurs Dans une même envie : On ne peut être heureux sans amoureux désirs; Ôtez l’amour de la vie, Vous en ôtez les plaisirs.",
          "emojiWords": {
            "deux": "👬"
          }
        },
        {
          "character": "MONSIEUR JOURDAIN",
          "text": " SECOND MUSICIEN Il serait doux d’entrer sous l’amoureuse loi, Si l’on trouvait en amour de la foi : Mais hélas, ô rigueur cruelle, On ne voit point de bergère fidèle; Et ce sexe inconstant, trop indigne du jour, Doit faire pour jamais renoncer à l’amour.",
          "textWithEmoji": " SECOND MUSICIEN Il serait doux d’entrer sous l’amoureuse loi, Si l’on trouvait en amour de la foi : Mais hélas, ô rigueur cruelle, On ne voit point ‼ de bergère fidèle; Et ce sexe inconstant, trop indigne du jour, Doit faire pour jamais renoncer à l’amour.",
          "emojiWords": {
            "point": "‼"
          }
        },
        {
          "character": "MONSIEUR JOURDAIN",
          "text": " PREMIER MUSICIEN Aimable ardeur !",
          "textWithEmoji": " PREMIER MUSICIEN Aimable ardeur !",
          "emojiWords": {}
        },
        {
          "character": "MONSIEUR JOURDAIN",
          "text": " MUSICIENNE Franchise heureuse !",
          "textWithEmoji": " MUSICIENNE Franchise heureuse !",
          "emojiWords": {}
        },
        {
          "character": "MONSIEUR JOURDAIN",
          "text": " SECOND MUSICIEN Sexe trompeur !",
          "textWithEmoji": " SECOND MUSICIEN Sexe trompeur !",
          "emojiWords": {}
        },
        {
          "character": "MONSIEUR JOURDAIN",
          "text": " PREMIER MUSICIEN Que tu m’es précieuse !",
          "textWithEmoji": " PREMIER MUSICIEN Que tu m’es précieuse !",
          "emojiWords": {}
        },
        {
          "character": "MONSIEUR JOURDAIN",
          "text": " MUSICIENNE Que tu plais à mon cœur !",
          "textWithEmoji": " MUSICIENNE Que tu plais à mon cœur 💛 !",
          "emojiWords": {
            "cœur": "💛"
          }
        },
        {
          "character": "MONSIEUR JOURDAIN",
          "text": " SECOND MUSICIEN Que tu me fais d’horreur !",
          "textWithEmoji": " SECOND MUSICIEN Que tu me fais d’horreur !",
          "emojiWords": {}
        },
        {
          "character": "MONSIEUR JOURDAIN",
          "text": " PREMIER MUSICIEN Ah !",
          "textWithEmoji": " PREMIER MUSICIEN Ah !",
          "emojiWords": {}
        },
        {
          "character": "MONSIEUR JOURDAIN",
          "text": " quitte pour aimer, cette haine mortelle !",
          "textWithEmoji": " quitte pour aimer, cette haine mortelle !",
          "emojiWords": {}
        },
        {
          "character": "MONSIEUR JOURDAIN",
          "text": " MUSICIENNE On peut, on peut te montrer Une bergère fidèle.",
          "textWithEmoji": " MUSICIENNE On peut, on peut te montrer Une bergère fidèle.",
          "emojiWords": {}
        },
        {
          "character": "MONSIEUR JOURDAIN",
          "text": " SECOND MUSICIEN Hélas !",
          "textWithEmoji": " SECOND MUSICIEN Hélas !",
          "emojiWords": {}
        },
        {
          "character": "MONSIEUR JOURDAIN",
          "text": " où la rencontrer ?",
          "textWithEmoji": " où la rencontrer ?",
          "emojiWords": {}
        },
        {
          "character": "MONSIEUR JOURDAIN",
          "text": " MUSICIENNE Pour défendre notre gloire, Je te veux offrir mon cœur.",
          "textWithEmoji": " MUSICIENNE Pour défendre notre gloire, Je te veux offrir mon cœur 💛.",
          "emojiWords": {
            "cœur": "💛"
          }
        },
        {
          "character": "MONSIEUR JOURDAIN",
          "text": " SECOND MUSICIEN Mais, bergère, puis-je croire Qu’il ne sera point trompeur ?",
          "textWithEmoji": " SECOND MUSICIEN Mais, bergère, puis-je croire Qu’il ne sera point ‼ trompeur ?",
          "emojiWords": {
            "point": "‼"
          }
        },
        {
          "character": "MONSIEUR JOURDAIN",
          "text": " MUSICIENNE Voyons par expérience Qui des deux aimera mieux.",
          "textWithEmoji": " MUSICIENNE Voyons par expérience Qui des deux 👬 aimera mieux.",
          "emojiWords": {
            "deux": "👬"
          }
        },
        {
          "character": "MONSIEUR JOURDAIN",
          "text": " SECOND MUSICIEN Qui manquera de constance, Le puissent perdre les Dieux.",
          "textWithEmoji": " SECOND MUSICIEN Qui manquera de constance, Le puissent perdre les Dieux.",
          "emojiWords": {}
        },
        {
          "character": "TOUS TROIS\nÀ des ardeurs si belles\nLaissons-nous enflammer ;\nAh ! qu’il est doux d’aimer,\nQuand deux cœurs sont fidèles !\nMONSIEUR JOURDAIN",
          "text": "Est-ce tout ?",
          "textWithEmoji": "Est-ce tout ?",
          "emojiWords": {}
        },
        {
          "character": "MAÎTRE DE MUSIQUE",
          "text": "Oui.",
          "textWithEmoji": "Oui.",
          "emojiWords": {}
        },
        {
          "character": "MONSIEUR JOURDAIN",
          "text": "Je trouve cela bien troussé, et il y a là dedans de petits dictons assez jolis.",
          "textWithEmoji": "Je trouve cela bien troussé, et il y a là dedans de petits dictons assez jolis.",
          "emojiWords": {}
        },
        {
          "character": "MAÎTRE À DANSER",
          "text": "Voici pour mon affaire, un petit essai des plus beaux mouvements, et des plus belles attitudes dont une danse puisse être variée.",
          "textWithEmoji": "Voici pour mon affaire, un petit 🔼 essai des plus beaux mouvements, et des plus belles attitudes dont une danse puisse être variée.",
          "emojiWords": {
            "petit": "🔼"
          }
        },
        {
          "character": "MONSIEUR JOURDAIN",
          "text": "Sont-ce encore des bergers ?",
          "textWithEmoji": "Sont-ce encore des bergers ?",
          "emojiWords": {}
        },
        {
          "character": "MAÎTRE À DANSER",
          "text": "C’est ce qu’il vous plaira.",
          "textWithEmoji": "C’est ce qu’il vous plaira.",
          "emojiWords": {}
        },
        {
          "character": "MAÎTRE À DANSER",
          "text": " Allons.",
          "textWithEmoji": " Allons.",
          "emojiWords": {}
        },
        {
          "character": "MAÎTRE À DANSER",
          "text": " Quatre danseurs exécutent tous les mouvements différents, et toutes les sortes de pas que le Maître à Danser leur commande; et cette danse fait le premier intermède.",
          "textWithEmoji": " Quatre danseurs exécutent tous les mouvements différents, et toutes les sortes de pas que le Maître à Danser leur commande; et cette danse fait le premier 🌛 intermède.",
          "emojiWords": {
            "premier": "🌛"
          }
        }
      ]
    }
  ]
}
